stm32f3xx_it.c:57:6:NMI_Handler	0	static
stm32f3xx_it.c:70:6:HardFault_Handler	0	static
stm32f3xx_it.c:88:6:MemManage_Handler	0	static
stm32f3xx_it.c:106:6:BusFault_Handler	0	static
stm32f3xx_it.c:124:6:UsageFault_Handler	0	static
stm32f3xx_it.c:142:6:SVC_Handler	0	static
stm32f3xx_it.c:155:6:DebugMon_Handler	0	static
stm32f3xx_it.c:168:6:PendSV_Handler	0	static
stm32f3xx_it.c:181:6:SysTick_Handler	8	static
stm32f3xx_it.c:203:6:DMA1_Channel1_IRQHandler	0	static
stm32f3xx_it.c:217:6:DMA1_Channel6_IRQHandler	0	static
stm32f3xx_it.c:231:6:TIM6_DAC_IRQHandler	0	static
stm32f3xx_it.c:245:6:DMA2_Channel3_IRQHandler	0	static
stm32f3xx_it.c:259:6:DMA2_Channel4_IRQHandler	0	static
stm32f3xx_it.c:273:6:DMA2_Channel5_IRQHandler	0	static
