tim.c:66:6:MX_TIM1_Init	40	static
tim.c:136:6:MX_TIM2_Init	40	static
tim.c:175:6:MX_TIM3_Init	24	static
tim.c:207:6:MX_TIM4_Init	24	static
tim.c:239:6:MX_TIM6_Init	8	static
tim.c:261:6:MX_TIM8_Init	24	static
tim.c:295:6:MX_TIM15_Init	40	static
tim.c:346:6:MX_TIM16_Init	40	static
tim.c:395:6:MX_TIM17_Init	40	static
tim.c:444:6:HAL_TIM_PWM_MspInit	16	static
tim.c:482:6:HAL_TIM_Encoder_MspInit	48	static
tim.c:564:6:HAL_TIM_Base_MspInit	24	static
tim.c:605:6:HAL_TIM_MspPostInit	40	static
tim.c:729:6:HAL_TIM_PWM_MspDeInit	0	static
tim.c:767:6:HAL_TIM_Encoder_MspDeInit	8	static
tim.c:828:6:HAL_TIM_Base_MspDeInit	0	static
