14:45:46 **** Incremental Build of configuration Debug for project F303VCT6_main ****
Info: Internal Builder is used for build
arm-atollic-eabi-gcc -c -mthumb -mcpu=cortex-m4 -mfloat-abi=hard -mfpu=fpv4-sp-d16 -std=gnu11 -D__weak=__attribute__((weak)) -D__packed=__attribute__((__packed__)) -DUSE_HAL_DRIVER -DSTM32F303xC -I../Inc -I../Drivers/STM32F3xx_HAL_Driver/Inc -I../Drivers/STM32F3xx_HAL_Driver/Inc/Legacy -I../Drivers/CMSIS/Device/ST/STM32F3xx/Include -I../Drivers/CMSIS/Include -Ofast -ffunction-sections -fdata-sections -g -fstack-usage -Wall -specs=nano.specs -o Src\main.o ..\Src\main.c 
arm-atollic-eabi-gcc -o F303VCT6_main.elf Drivers\STM32F3xx_HAL_Driver\Src\stm32f3xx_hal.o Drivers\STM32F3xx_HAL_Driver\Src\stm32f3xx_hal_adc.o Drivers\STM32F3xx_HAL_Driver\Src\stm32f3xx_hal_adc_ex.o Drivers\STM32F3xx_HAL_Driver\Src\stm32f3xx_hal_cortex.o Drivers\STM32F3xx_HAL_Driver\Src\stm32f3xx_hal_dma.o Drivers\STM32F3xx_HAL_Driver\Src\stm32f3xx_hal_flash.o Drivers\STM32F3xx_HAL_Driver\Src\stm32f3xx_hal_flash_ex.o Drivers\STM32F3xx_HAL_Driver\Src\stm32f3xx_hal_gpio.o Drivers\STM32F3xx_HAL_Driver\Src\stm32f3xx_hal_i2c.o Drivers\STM32F3xx_HAL_Driver\Src\stm32f3xx_hal_i2c_ex.o Drivers\STM32F3xx_HAL_Driver\Src\stm32f3xx_hal_pwr.o Drivers\STM32F3xx_HAL_Driver\Src\stm32f3xx_hal_pwr_ex.o Drivers\STM32F3xx_HAL_Driver\Src\stm32f3xx_hal_rcc.o Drivers\STM32F3xx_HAL_Driver\Src\stm32f3xx_hal_rcc_ex.o Drivers\STM32F3xx_HAL_Driver\Src\stm32f3xx_hal_tim.o Drivers\STM32F3xx_HAL_Driver\Src\stm32f3xx_hal_tim_ex.o Drivers\STM32F3xx_HAL_Driver\Src\stm32f3xx_hal_uart.o Drivers\STM32F3xx_HAL_Driver\Src\stm32f3xx_hal_uart_ex.o Src\DFPlayer_Mini_mp3.o Src\JY901.o Src\actuator.o Src\adc.o Src\dma.o Src\gpio.o Src\i2c.o Src\i2c_lcd.o Src\main.o Src\microsectimer.o Src\myatan2.o Src\omni_wheel_Three-wheeled.o Src\sensor.o Src\stm32f3xx_hal_msp.o Src\stm32f3xx_it.o Src\system_stm32f3xx.o Src\tim.o Src\usart.o Src\xprintf.o startup\startup_stm32f303xc.o -mthumb -mcpu=cortex-m4 -mfloat-abi=hard -mfpu=fpv4-sp-d16 -T../STM32F303VC_FLASH.ld -specs=nosys.specs -static -Wl,-Map=F303VCT6_main.map -Wl,--gc-sections -Wl,--defsym=malloc_getpagesize_P=0x80 -Wl,--start-group -lc -lm -Wl,--end-group -specs=nano.specs 
C:\Program Files (x86)\Atollic\TrueSTUDIO for STM32 9.2.0\ide\jre\bin\java -jar C:\Program Files (x86)\Atollic\TrueSTUDIO for STM32 9.2.0\Tools\arm-atollic-reports.jar sizeinfo list F303VCT6_main.elf 
Generate build reports...
Print size information
   text	   data	    bss	    dec	    hex	filename
  47276	    124	   4008	  51408	   c8d0	F303VCT6_main.elf
Print size information done
Generate listing file
Output sent to: F303VCT6_main.list
Generate listing file done
Generate build reports done
arm-atollic-eabi-objcopy.exe -O ihex F303VCT6_main.elf F303VCT6_main.hex 
Info: Nothing to build for F303VCT6_main
14:57:52 **** Incremental Build of configuration Debug for project F303VCT6_main ****
Info: Internal Builder is used for build
arm-atollic-eabi-gcc -c -mthumb -mcpu=cortex-m4 -mfloat-abi=hard -mfpu=fpv4-sp-d16 -std=gnu11 -D__weak=__attribute__((weak)) -D__packed=__attribute__((__packed__)) -DUSE_HAL_DRIVER -DSTM32F303xC -I../Inc -I../Drivers/STM32F3xx_HAL_Driver/Inc -I../Drivers/STM32F3xx_HAL_Driver/Inc/Legacy -I../Drivers/CMSIS/Device/ST/STM32F3xx/Include -I../Drivers/CMSIS/Include -Ofast -ffunction-sections -fdata-sections -g -fstack-usage -Wall -specs=nano.specs -o Src\main.o ..\Src\main.c 
arm-atollic-eabi-gcc -o F303VCT6_main.elf Drivers\STM32F3xx_HAL_Driver\Src\stm32f3xx_hal.o Drivers\STM32F3xx_HAL_Driver\Src\stm32f3xx_hal_adc.o Drivers\STM32F3xx_HAL_Driver\Src\stm32f3xx_hal_adc_ex.o Drivers\STM32F3xx_HAL_Driver\Src\stm32f3xx_hal_cortex.o Drivers\STM32F3xx_HAL_Driver\Src\stm32f3xx_hal_dma.o Drivers\STM32F3xx_HAL_Driver\Src\stm32f3xx_hal_flash.o Drivers\STM32F3xx_HAL_Driver\Src\stm32f3xx_hal_flash_ex.o Drivers\STM32F3xx_HAL_Driver\Src\stm32f3xx_hal_gpio.o Drivers\STM32F3xx_HAL_Driver\Src\stm32f3xx_hal_i2c.o Drivers\STM32F3xx_HAL_Driver\Src\stm32f3xx_hal_i2c_ex.o Drivers\STM32F3xx_HAL_Driver\Src\stm32f3xx_hal_pwr.o Drivers\STM32F3xx_HAL_Driver\Src\stm32f3xx_hal_pwr_ex.o Drivers\STM32F3xx_HAL_Driver\Src\stm32f3xx_hal_rcc.o Drivers\STM32F3xx_HAL_Driver\Src\stm32f3xx_hal_rcc_ex.o Drivers\STM32F3xx_HAL_Driver\Src\stm32f3xx_hal_tim.o Drivers\STM32F3xx_HAL_Driver\Src\stm32f3xx_hal_tim_ex.o Drivers\STM32F3xx_HAL_Driver\Src\stm32f3xx_hal_uart.o Drivers\STM32F3xx_HAL_Driver\Src\stm32f3xx_hal_uart_ex.o Src\DFPlayer_Mini_mp3.o Src\JY901.o Src\actuator.o Src\adc.o Src\dma.o Src\gpio.o Src\i2c.o Src\i2c_lcd.o Src\main.o Src\microsectimer.o Src\myatan2.o Src\omni_wheel_Three-wheeled.o Src\sensor.o Src\stm32f3xx_hal_msp.o Src\stm32f3xx_it.o Src\system_stm32f3xx.o Src\tim.o Src\usart.o Src\xprintf.o startup\startup_stm32f303xc.o -mthumb -mcpu=cortex-m4 -mfloat-abi=hard -mfpu=fpv4-sp-d16 -T../STM32F303VC_FLASH.ld -specs=nosys.specs -static -Wl,-Map=F303VCT6_main.map -Wl,--gc-sections -Wl,--defsym=malloc_getpagesize_P=0x80 -Wl,--start-group -lc -lm -Wl,--end-group -specs=nano.specs 
C:\Program Files (x86)\Atollic\TrueSTUDIO for STM32 9.2.0\ide\jre\bin\java -jar C:\Program Files (x86)\Atollic\TrueSTUDIO for STM32 9.2.0\Tools\arm-atollic-reports.jar sizeinfo list F303VCT6_main.elf 
Generate build reports...
Print size information
   text	   data	    bss	    dec	    hex	filename
  47276	    124	   4008	  51408	   c8d0	F303VCT6_main.elf
Print size information done
Generate listing file
Output sent to: F303VCT6_main.list
Generate listing file done
Generate build reports done
arm-atollic-eabi-objcopy.exe -O ihex F303VCT6_main.elf F303VCT6_main.hex 
15:39:56 **** Incremental Build of configuration Debug for project F303VCT6_main ****
Info: Internal Builder is used for build
arm-atollic-eabi-gcc -c -mthumb -mcpu=cortex-m4 -mfloat-abi=hard -mfpu=fpv4-sp-d16 -std=gnu11 -D__weak=__attribute__((weak)) -D__packed=__attribute__((__packed__)) -DUSE_HAL_DRIVER -DSTM32F303xC -I../Inc -I../Drivers/STM32F3xx_HAL_Driver/Inc -I../Drivers/STM32F3xx_HAL_Driver/Inc/Legacy -I../Drivers/CMSIS/Device/ST/STM32F3xx/Include -I../Drivers/CMSIS/Include -Ofast -ffunction-sections -fdata-sections -g -fstack-usage -Wall -specs=nano.specs -o Src\main.o ..\Src\main.c 
arm-atollic-eabi-gcc -o F303VCT6_main.elf Drivers\STM32F3xx_HAL_Driver\Src\stm32f3xx_hal.o Drivers\STM32F3xx_HAL_Driver\Src\stm32f3xx_hal_adc.o Drivers\STM32F3xx_HAL_Driver\Src\stm32f3xx_hal_adc_ex.o Drivers\STM32F3xx_HAL_Driver\Src\stm32f3xx_hal_cortex.o Drivers\STM32F3xx_HAL_Driver\Src\stm32f3xx_hal_dma.o Drivers\STM32F3xx_HAL_Driver\Src\stm32f3xx_hal_flash.o Drivers\STM32F3xx_HAL_Driver\Src\stm32f3xx_hal_flash_ex.o Drivers\STM32F3xx_HAL_Driver\Src\stm32f3xx_hal_gpio.o Drivers\STM32F3xx_HAL_Driver\Src\stm32f3xx_hal_i2c.o Drivers\STM32F3xx_HAL_Driver\Src\stm32f3xx_hal_i2c_ex.o Drivers\STM32F3xx_HAL_Driver\Src\stm32f3xx_hal_pwr.o Drivers\STM32F3xx_HAL_Driver\Src\stm32f3xx_hal_pwr_ex.o Drivers\STM32F3xx_HAL_Driver\Src\stm32f3xx_hal_rcc.o Drivers\STM32F3xx_HAL_Driver\Src\stm32f3xx_hal_rcc_ex.o Drivers\STM32F3xx_HAL_Driver\Src\stm32f3xx_hal_tim.o Drivers\STM32F3xx_HAL_Driver\Src\stm32f3xx_hal_tim_ex.o Drivers\STM32F3xx_HAL_Driver\Src\stm32f3xx_hal_uart.o Drivers\STM32F3xx_HAL_Driver\Src\stm32f3xx_hal_uart_ex.o Src\DFPlayer_Mini_mp3.o Src\JY901.o Src\actuator.o Src\adc.o Src\dma.o Src\gpio.o Src\i2c.o Src\i2c_lcd.o Src\main.o Src\microsectimer.o Src\myatan2.o Src\omni_wheel_Three-wheeled.o Src\sensor.o Src\stm32f3xx_hal_msp.o Src\stm32f3xx_it.o Src\system_stm32f3xx.o Src\tim.o Src\usart.o Src\xprintf.o startup\startup_stm32f303xc.o -mthumb -mcpu=cortex-m4 -mfloat-abi=hard -mfpu=fpv4-sp-d16 -T../STM32F303VC_FLASH.ld -specs=nosys.specs -static -Wl,-Map=F303VCT6_main.map -Wl,--gc-sections -Wl,--defsym=malloc_getpagesize_P=0x80 -Wl,--start-group -lc -lm -Wl,--end-group -specs=nano.specs 
C:\Program Files (x86)\Atollic\TrueSTUDIO for STM32 9.2.0\ide\jre\bin\java -jar C:\Program Files (x86)\Atollic\TrueSTUDIO for STM32 9.2.0\Tools\arm-atollic-reports.jar sizeinfo list F303VCT6_main.elf 
Generate build reports...
Print size information
   text	   data	    bss	    dec	    hex	filename
  47276	    124	   4008	  51408	   c8d0	F303VCT6_main.elf
Print size information done
Generate listing file
Output sent to: F303VCT6_main.list
Generate listing file done
Generate build reports done
arm-atollic-eabi-objcopy.exe -O ihex F303VCT6_main.elf F303VCT6_main.hex 
15:46:14 **** Incremental Build of configuration Debug for project F303VCT6_main ****
Info: Internal Builder is used for build
arm-atollic-eabi-gcc -c -mthumb -mcpu=cortex-m4 -mfloat-abi=hard -mfpu=fpv4-sp-d16 -std=gnu11 -D__weak=__attribute__((weak)) -D__packed=__attribute__((__packed__)) -DUSE_HAL_DRIVER -DSTM32F303xC -I../Inc -I../Drivers/STM32F3xx_HAL_Driver/Inc -I../Drivers/STM32F3xx_HAL_Driver/Inc/Legacy -I../Drivers/CMSIS/Device/ST/STM32F3xx/Include -I../Drivers/CMSIS/Include -Ofast -ffunction-sections -fdata-sections -g -fstack-usage -Wall -specs=nano.specs -o Src\main.o ..\Src\main.c 
arm-atollic-eabi-gcc -o F303VCT6_main.elf Drivers\STM32F3xx_HAL_Driver\Src\stm32f3xx_hal.o Drivers\STM32F3xx_HAL_Driver\Src\stm32f3xx_hal_adc.o Drivers\STM32F3xx_HAL_Driver\Src\stm32f3xx_hal_adc_ex.o Drivers\STM32F3xx_HAL_Driver\Src\stm32f3xx_hal_cortex.o Drivers\STM32F3xx_HAL_Driver\Src\stm32f3xx_hal_dma.o Drivers\STM32F3xx_HAL_Driver\Src\stm32f3xx_hal_flash.o Drivers\STM32F3xx_HAL_Driver\Src\stm32f3xx_hal_flash_ex.o Drivers\STM32F3xx_HAL_Driver\Src\stm32f3xx_hal_gpio.o Drivers\STM32F3xx_HAL_Driver\Src\stm32f3xx_hal_i2c.o Drivers\STM32F3xx_HAL_Driver\Src\stm32f3xx_hal_i2c_ex.o Drivers\STM32F3xx_HAL_Driver\Src\stm32f3xx_hal_pwr.o Drivers\STM32F3xx_HAL_Driver\Src\stm32f3xx_hal_pwr_ex.o Drivers\STM32F3xx_HAL_Driver\Src\stm32f3xx_hal_rcc.o Drivers\STM32F3xx_HAL_Driver\Src\stm32f3xx_hal_rcc_ex.o Drivers\STM32F3xx_HAL_Driver\Src\stm32f3xx_hal_tim.o Drivers\STM32F3xx_HAL_Driver\Src\stm32f3xx_hal_tim_ex.o Drivers\STM32F3xx_HAL_Driver\Src\stm32f3xx_hal_uart.o Drivers\STM32F3xx_HAL_Driver\Src\stm32f3xx_hal_uart_ex.o Src\DFPlayer_Mini_mp3.o Src\JY901.o Src\actuator.o Src\adc.o Src\dma.o Src\gpio.o Src\i2c.o Src\i2c_lcd.o Src\main.o Src\microsectimer.o Src\myatan2.o Src\omni_wheel_Three-wheeled.o Src\sensor.o Src\stm32f3xx_hal_msp.o Src\stm32f3xx_it.o Src\system_stm32f3xx.o Src\tim.o Src\usart.o Src\xprintf.o startup\startup_stm32f303xc.o -mthumb -mcpu=cortex-m4 -mfloat-abi=hard -mfpu=fpv4-sp-d16 -T../STM32F303VC_FLASH.ld -specs=nosys.specs -static -Wl,-Map=F303VCT6_main.map -Wl,--gc-sections -Wl,--defsym=malloc_getpagesize_P=0x80 -Wl,--start-group -lc -lm -Wl,--end-group -specs=nano.specs 
C:\Program Files (x86)\Atollic\TrueSTUDIO for STM32 9.2.0\ide\jre\bin\java -jar C:\Program Files (x86)\Atollic\TrueSTUDIO for STM32 9.2.0\Tools\arm-atollic-reports.jar sizeinfo list F303VCT6_main.elf 
Generate build reports...
Print size information
   text	   data	    bss	    dec	    hex	filename
  47276	    124	   4008	  51408	   c8d0	F303VCT6_main.elf
Print size information done
Generate listing file
Output sent to: F303VCT6_main.list
Generate listing file done
Generate build reports done
arm-atollic-eabi-objcopy.exe -O ihex F303VCT6_main.elf F303VCT6_main.hex 
