Archive member included to satisfy reference by file (symbol)

c:/program files (x86)/atollic/truestudio for stm32 9.2.0/armtools/bin/../lib/gcc/arm-atollic-eabi/6.3.1/../../../../arm-atollic-eabi/lib/armv7e-m/fpu\libc_nano.a(lib_a-init.o)
                              startup\startup_stm32f303xc.o (__libc_init_array)
c:/program files (x86)/atollic/truestudio for stm32 9.2.0/armtools/bin/../lib/gcc/arm-atollic-eabi/6.3.1/../../../../arm-atollic-eabi/lib/armv7e-m/fpu\libm.a(lib_a-s_cos.o)
                              Src\sensor.o (cos)
c:/program files (x86)/atollic/truestudio for stm32 9.2.0/armtools/bin/../lib/gcc/arm-atollic-eabi/6.3.1/../../../../arm-atollic-eabi/lib/armv7e-m/fpu\libm.a(lib_a-s_round.o)
                              Src\main.o (round)
c:/program files (x86)/atollic/truestudio for stm32 9.2.0/armtools/bin/../lib/gcc/arm-atollic-eabi/6.3.1/../../../../arm-atollic-eabi/lib/armv7e-m/fpu\libm.a(lib_a-s_sin.o)
                              Src\omni_wheel_Three-wheeled.o (sin)
c:/program files (x86)/atollic/truestudio for stm32 9.2.0/armtools/bin/../lib/gcc/arm-atollic-eabi/6.3.1/../../../../arm-atollic-eabi/lib/armv7e-m/fpu\libm.a(lib_a-w_log.o)
                              Src\main.o (log)
c:/program files (x86)/atollic/truestudio for stm32 9.2.0/armtools/bin/../lib/gcc/arm-atollic-eabi/6.3.1/../../../../arm-atollic-eabi/lib/armv7e-m/fpu\libm.a(lib_a-w_sqrt.o)
                              Src\main.o (sqrt)
c:/program files (x86)/atollic/truestudio for stm32 9.2.0/armtools/bin/../lib/gcc/arm-atollic-eabi/6.3.1/../../../../arm-atollic-eabi/lib/armv7e-m/fpu\libm.a(lib_a-e_log.o)
                              c:/program files (x86)/atollic/truestudio for stm32 9.2.0/armtools/bin/../lib/gcc/arm-atollic-eabi/6.3.1/../../../../arm-atollic-eabi/lib/armv7e-m/fpu\libm.a(lib_a-w_log.o) (__ieee754_log)
c:/program files (x86)/atollic/truestudio for stm32 9.2.0/armtools/bin/../lib/gcc/arm-atollic-eabi/6.3.1/../../../../arm-atollic-eabi/lib/armv7e-m/fpu\libm.a(lib_a-e_rem_pio2.o)
                              c:/program files (x86)/atollic/truestudio for stm32 9.2.0/armtools/bin/../lib/gcc/arm-atollic-eabi/6.3.1/../../../../arm-atollic-eabi/lib/armv7e-m/fpu\libm.a(lib_a-s_cos.o) (__ieee754_rem_pio2)
c:/program files (x86)/atollic/truestudio for stm32 9.2.0/armtools/bin/../lib/gcc/arm-atollic-eabi/6.3.1/../../../../arm-atollic-eabi/lib/armv7e-m/fpu\libm.a(lib_a-e_sqrt.o)
                              c:/program files (x86)/atollic/truestudio for stm32 9.2.0/armtools/bin/../lib/gcc/arm-atollic-eabi/6.3.1/../../../../arm-atollic-eabi/lib/armv7e-m/fpu\libm.a(lib_a-w_sqrt.o) (__ieee754_sqrt)
c:/program files (x86)/atollic/truestudio for stm32 9.2.0/armtools/bin/../lib/gcc/arm-atollic-eabi/6.3.1/../../../../arm-atollic-eabi/lib/armv7e-m/fpu\libm.a(lib_a-k_cos.o)
                              c:/program files (x86)/atollic/truestudio for stm32 9.2.0/armtools/bin/../lib/gcc/arm-atollic-eabi/6.3.1/../../../../arm-atollic-eabi/lib/armv7e-m/fpu\libm.a(lib_a-s_cos.o) (__kernel_cos)
c:/program files (x86)/atollic/truestudio for stm32 9.2.0/armtools/bin/../lib/gcc/arm-atollic-eabi/6.3.1/../../../../arm-atollic-eabi/lib/armv7e-m/fpu\libm.a(lib_a-k_rem_pio2.o)
                              c:/program files (x86)/atollic/truestudio for stm32 9.2.0/armtools/bin/../lib/gcc/arm-atollic-eabi/6.3.1/../../../../arm-atollic-eabi/lib/armv7e-m/fpu\libm.a(lib_a-e_rem_pio2.o) (__kernel_rem_pio2)
c:/program files (x86)/atollic/truestudio for stm32 9.2.0/armtools/bin/../lib/gcc/arm-atollic-eabi/6.3.1/../../../../arm-atollic-eabi/lib/armv7e-m/fpu\libm.a(lib_a-k_sin.o)
                              c:/program files (x86)/atollic/truestudio for stm32 9.2.0/armtools/bin/../lib/gcc/arm-atollic-eabi/6.3.1/../../../../arm-atollic-eabi/lib/armv7e-m/fpu\libm.a(lib_a-s_cos.o) (__kernel_sin)
c:/program files (x86)/atollic/truestudio for stm32 9.2.0/armtools/bin/../lib/gcc/arm-atollic-eabi/6.3.1/../../../../arm-atollic-eabi/lib/armv7e-m/fpu\libm.a(lib_a-s_fabs.o)
                              c:/program files (x86)/atollic/truestudio for stm32 9.2.0/armtools/bin/../lib/gcc/arm-atollic-eabi/6.3.1/../../../../arm-atollic-eabi/lib/armv7e-m/fpu\libm.a(lib_a-e_rem_pio2.o) (fabs)
c:/program files (x86)/atollic/truestudio for stm32 9.2.0/armtools/bin/../lib/gcc/arm-atollic-eabi/6.3.1/../../../../arm-atollic-eabi/lib/armv7e-m/fpu\libm.a(lib_a-s_floor.o)
                              c:/program files (x86)/atollic/truestudio for stm32 9.2.0/armtools/bin/../lib/gcc/arm-atollic-eabi/6.3.1/../../../../arm-atollic-eabi/lib/armv7e-m/fpu\libm.a(lib_a-k_rem_pio2.o) (floor)
c:/program files (x86)/atollic/truestudio for stm32 9.2.0/armtools/bin/../lib/gcc/arm-atollic-eabi/6.3.1/../../../../arm-atollic-eabi/lib/armv7e-m/fpu\libm.a(lib_a-s_lib_ver.o)
[...]
Memory Configuration

Name             Origin             Length             Attributes
RAM              0x20000000         0x0000a000         xrw
CCMRAM           0x10000000         0x00002000         rw
FLASH            0x08000000         0x00040000         xr
*default*        0x00000000         0xffffffff

Linker script and memory map

LOAD c:/program files (x86)/atollic/truestudio for stm32 9.2.0/armtools/bin/../lib/gcc/arm-atollic-eabi/6.3.1/armv7e-m/fpu/crti.o
LOAD c:/program files (x86)/atollic/truestudio for stm32 9.2.0/armtools/bin/../lib/gcc/arm-atollic-eabi/6.3.1/armv7e-m/fpu/crtbegin.o
LOAD Drivers\STM32F3xx_HAL_Driver\Src\stm32f3xx_hal.o
LOAD Drivers\STM32F3xx_HAL_Driver\Src\stm32f3xx_hal_adc.o
LOAD Drivers\STM32F3xx_HAL_Driver\Src\stm32f3xx_hal_adc_ex.o
LOAD Drivers\STM32F3xx_HAL_Driver\Src\stm32f3xx_hal_cortex.o
LOAD Drivers\STM32F3xx_HAL_Driver\Src\stm32f3xx_hal_dma.o
LOAD Drivers\STM32F3xx_HAL_Driver\Src\stm32f3xx_hal_flash.o
LOAD Drivers\STM32F3xx_HAL_Driver\Src\stm32f3xx_hal_flash_ex.o
LOAD Drivers\STM32F3xx_HAL_Driver\Src\stm32f3xx_hal_gpio.o
LOAD Drivers\STM32F3xx_HAL_Driver\Src\stm32f3xx_hal_i2c.o
LOAD Drivers\STM32F3xx_HAL_Driver\Src\stm32f3xx_hal_i2c_ex.o
LOAD Drivers\STM32F3xx_HAL_Driver\Src\stm32f3xx_hal_pwr.o
LOAD Drivers\STM32F3xx_HAL_Driver\Src\stm32f3xx_hal_pwr_ex.o
LOAD Drivers\STM32F3xx_HAL_Driver\Src\stm32f3xx_hal_rcc.o
LOAD Drivers\STM32F3xx_HAL_Driver\Src\stm32f3xx_hal_rcc_ex.o
LOAD Drivers\STM32F3xx_HAL_Driver\Src\stm32f3xx_hal_tim.o
LOAD Drivers\STM32F3xx_HAL_Driver\Src\stm32f3xx_hal_tim_ex.o
LOAD Drivers\STM32F3xx_HAL_Driver\Src\stm32f3xx_hal_uart.o
LOAD Drivers\STM32F3xx_HAL_Driver\Src\stm32f3xx_hal_uart_ex.o
LOAD Src\DFPlayer_Mini_mp3.o
LOAD Src\JY901.o
LOAD Src\actuator.o
LOAD Src\adc.o
LOAD Src\dma.o
LOAD Src\gpio.o
LOAD Src\i2c.o
LOAD Src\i2c_lcd.o
LOAD Src\main.o
LOAD Src\microsectimer.o
LOAD Src\myatan2.o
LOAD Src\omni_wheel_Three-wheeled.o
LOAD Src\sensor.o
LOAD Src\stm32f3xx_hal_msp.o
LOAD Src\stm32f3xx_it.o
LOAD Src\system_stm32f3xx.o
LOAD Src\tim.o
LOAD Src\usart.o
LOAD Src\xprintf.o
LOAD startup\startup_stm32f303xc.o
                0x00000080                malloc_getpagesize_P = 0x80
START GROUP
LOAD c:/program files (x86)/atollic/truestudio for stm32 9.2.0/armtools/bin/../lib/gcc/arm-atollic-eabi/6.3.1/../../../../arm-atollic-eabi/lib/armv7e-m/fpu\libc_nano.a
LOAD c:/program files (x86)/atollic/truestudio for stm32 9.2.0/armtools/bin/../lib/gcc/arm-atollic-eabi/6.3.1/../../../../arm-atollic-eabi/lib/armv7e-m/fpu\libm.a
END GROUP
START GROUP
LOAD c:/program files (x86)/atollic/truestudio for stm32 9.2.0/armtools/bin/../lib/gcc/arm-atollic-eabi/6.3.1/armv7e-m/fpu\libgcc.a
LOAD c:/program files (x86)/atollic/truestudio for stm32 9.2.0/armtools/bin/../lib/gcc/arm-atollic-eabi/6.3.1/../../../../arm-atollic-eabi/lib/armv7e-m/fpu\libc_nano.a
END GROUP
START GROUP
LOAD c:/program files (x86)/atollic/truestudio for stm32 9.2.0/armtools/bin/../lib/gcc/arm-atollic-eabi/6.3.1/armv7e-m/fpu\libgcc.a
LOAD c:/program files (x86)/atollic/truestudio for stm32 9.2.0/armtools/bin/../lib/gcc/arm-atollic-eabi/6.3.1/../../../../arm-atollic-eabi/lib/armv7e-m/fpu\libc_nano.a
LOAD c:/program files (x86)/atollic/truestudio for stm32 9.2.0/armtools/bin/../lib/gcc/arm-atollic-eabi/6.3.1/../../../../arm-atollic-eabi/lib/armv7e-m/fpu\libnosys.a
END GROUP
START GROUP
LOAD c:/program files (x86)/atollic/truestudio for stm32 9.2.0/armtools/bin/../lib/gcc/arm-atollic-eabi/6.3.1/armv7e-m/fpu\libgcc.a
LOAD c:/program files (x86)/atollic/truestudio for stm32 9.2.0/armtools/bin/../lib/gcc/arm-atollic-eabi/6.3.1/../../../../arm-atollic-eabi/lib/armv7e-m/fpu\libc_nano.a
LOAD c:/program files (x86)/atollic/truestudio for stm32 9.2.0/armtools/bin/../lib/gcc/arm-atollic-eabi/6.3.1/../../../../arm-atollic-eabi/lib/armv7e-m/fpu\libnosys.a
END GROUP
LOAD c:/program files (x86)/atollic/truestudio for stm32 9.2.0/armtools/bin/../lib/gcc/arm-atollic-eabi/6.3.1/armv7e-m/fpu/crtend.o
LOAD c:/program files (x86)/atollic/truestudio for stm32 9.2.0/armtools/bin/../lib/gcc/arm-atollic-eabi/6.3.1/armv7e-m/fpu/crtn.o
                0x2000a000                _estack = 0x2000a000
                0x00000200                _Min_Heap_Size = 0x200
                0x00000400                _Min_Stack_Size = 0x400

.isr_vector     0x08000000      0x188
                0x08000000                . = ALIGN (0x4)
 *(.isr_vector)
 .isr_vector    0x08000000      0x188 startup\startup_stm32f303xc.o
                0x08000000                g_pfnVectors
                0x08000188                . = ALIGN (0x4)

.text           0x08000188     0xb1e4
                0x08000188                . = ALIGN (0x4)
 *(.text)
 .text          0x08000188       0x40 c:/program files (x86)/atollic/truestudio for stm32 9.2.0/armtools/bin/../lib/gcc/arm-atollic-eabi/6.3.1/armv7e-m/fpu/crtbegin.o
 .text          0x080001c8      0x370 c:/program files (x86)/atollic/truestudio for stm32 9.2.0/armtools/bin/../lib/gcc/arm-atollic-eabi/6.3.1/armv7e-m/fpu\libgcc.a(_arm_addsubdf3.o)
                0x080001c8                __aeabi_drsub
                0x080001d0                __aeabi_dsub
                0x080001d0                __subdf3
                0x080001d4                __aeabi_dadd
                0x080001d4                __adddf3
                0x0800044c                __floatunsidf
                0x0800044c                __aeabi_ui2d
                0x0800046c                __floatsidf
                0x0800046c                __aeabi_i2d
                0x08000490                __aeabi_f2d
                0x08000490                __extendsfdf2
                0x080004cc                __floatundidf
                0x080004cc                __aeabi_ul2d
                0x080004dc                __floatdidf
                0x080004dc                __aeabi_l2d
 .text          0x08000538      0x424 c:/program files (x86)/atollic/truestudio for stm32 9.2.0/armtools/bin/../lib/gcc/arm-atollic-eabi/6.3.1/armv7e-m/fpu\libgcc.a(_arm_muldivdf3.o)
                0x08000538                __aeabi_dmul
                0x08000538                __muldf3
                0x0800078c                __divdf3
                0x0800078c                __aeabi_ddiv
 .text          0x0800095c      0x110 c:/program files (x86)/atollic/truestudio for stm32 9.2.0/armtools/bin/../lib/gcc/arm-atollic-eabi/6.3.1/armv7e-m/fpu\libgcc.a(_arm_cmpdf2.o)
                0x0800095c                __gtdf2
                0x0800095c                __gedf2
                0x08000964                __ltdf2
                0x08000964                __ledf2
                0x0800096c                __nedf2
                0x0800096c                __eqdf2
                0x0800096c                __cmpdf2
                0x080009e8                __aeabi_cdrcmple
                0x080009f8                __aeabi_cdcmpeq
                0x080009f8                __aeabi_cdcmple
                0x08000a08                __aeabi_dcmpeq
                0x08000a1c                __aeabi_dcmplt
                0x08000a30                __aeabi_dcmple
                0x08000a44                __aeabi_dcmpge
                0x08000a58                __aeabi_dcmpgt
 .text          0x08000a6c       0x2c c:/program files (x86)/atollic/truestudio for stm32 9.2.0/armtools/bin/../lib/gcc/arm-atollic-eabi/6.3.1/armv7e-m/fpu\libgcc.a(_arm_unorddf2.o)
                0x08000a6c                __unorddf2
                0x08000a6c                __aeabi_dcmpun
 .text          0x08000a98       0x50 c:/program files (x86)/atollic/truestudio for stm32 9.2.0/armtools/bin/../lib/gcc/arm-atollic-eabi/6.3.1/armv7e-m/fpu\libgcc.a(_arm_fixdfsi.o)
                0x08000a98                __aeabi_d2iz
                0x08000a98                __fixdfsi
 .text          0x08000ae8       0x40 c:/program files (x86)/atollic/truestudio for stm32 9.2.0/armtools/bin/../lib/gcc/arm-atollic-eabi/6.3.1/armv7e-m/fpu\libgcc.a(_arm_fixunsdfsi.o)
                0x08000ae8                __aeabi_d2uiz
                0x08000ae8                __fixunsdfsi
 .text          0x08000b28       0xa0 c:/program files (x86)/atollic/truestudio for stm32 9.2.0/armtools/bin/../lib/gcc/arm-atollic-eabi/6.3.1/armv7e-m/fpu\libgcc.a(_arm_truncdfsf2.o)
                0x08000b28                __truncdfsf2
                0x08000b28                __aeabi_d2f
 *(.text*)
 .text.HAL_InitTick
                0x08000bc8       0x48 Drivers\STM32F3xx_HAL_Driver\Src\stm32f3xx_hal.o
                0x08000bc8                HAL_InitTick
 .text.HAL_Init
                0x08000c10       0x24 Drivers\STM32F3xx_HAL_Driver\Src\stm32f3xx_hal.o
                0x08000c10                HAL_Init
 .text.HAL_IncTick
                0x08000c34       0x18 Drivers\STM32F3xx_HAL_Driver\Src\stm32f3xx_hal.o
                0x08000c34                HAL_IncTick
 .text.HAL_GetTick
                0x08000c4c        0xc Drivers\STM32F3xx_HAL_Driver\Src\stm32f3xx_hal.o
                0x08000c4c                HAL_GetTick
 .text.HAL_Delay
                0x08000c58       0x24 Drivers\STM32F3xx_HAL_Driver\Src\stm32f3xx_hal.o
                0x08000c58                HAL_Delay
 .text.HAL_ADC_ConvCpltCallback
                0x08000c7c        0x4 Drivers\STM32F3xx_HAL_Driver\Src\stm32f3xx_hal_adc.o
                0x08000c7c                HAL_ADC_ConvCpltCallback
 .text.HAL_ADC_ConvHalfCpltCallback
                0x08000c80        0x4 Drivers\STM32F3xx_HAL_Driver\Src\stm32f3xx_hal_adc.o
                0x08000c80                HAL_ADC_ConvHalfCpltCallback
 .text.HAL_ADC_ErrorCallback
                0x08000c84        0x4 Drivers\STM32F3xx_HAL_Driver\Src\stm32f3xx_hal_adc.o
                0x08000c84                HAL_ADC_ErrorCallback
 .text.ADC_DMAError
                0x08000c88       0x18 Drivers\STM32F3xx_HAL_Driver\Src\stm32f3xx_hal_adc_ex.o
 .text.ADC_DMAHalfConvCplt
                0x08000ca0        0x8 Drivers\STM32F3xx_HAL_Driver\Src\stm32f3xx_hal_adc_ex.o
 .text.ADC_DMAConvCplt
                0x08000ca8       0x44 Drivers\STM32F3xx_HAL_Driver\Src\stm32f3xx_hal_adc_ex.o
 .text.HAL_ADC_Init
                0x08000cec      0x2d0 Drivers\STM32F3xx_HAL_Driver\Src\stm32f3xx_hal_adc_ex.o
                0x08000cec                HAL_ADC_Init
 .text.HAL_ADC_Start_DMA
                0x08000fbc      0x198 Drivers\STM32F3xx_HAL_Driver\Src\stm32f3xx_hal_adc_ex.o
                0x08000fbc                HAL_ADC_Start_DMA
 .text.HAL_ADC_ConfigChannel
                0x08001154      0x368 Drivers\STM32F3xx_HAL_Driver\Src\stm32f3xx_hal_adc_ex.o
                0x08001154                HAL_ADC_ConfigChannel
 .text.HAL_ADCEx_MultiModeConfigChannel
                0x080014bc      0x114 Drivers\STM32F3xx_HAL_Driver\Src\stm32f3xx_hal_adc_ex.o
                0x080014bc                HAL_ADCEx_MultiModeConfigChannel
 .text.HAL_NVIC_SetPriorityGrouping
                0x080015d0       0x24 Drivers\STM32F3xx_HAL_Driver\Src\stm32f3xx_hal_cortex.o
                0x080015d0                HAL_NVIC_SetPriorityGrouping
 .text.HAL_NVIC_SetPriority
                0x080015f4       0x6c Drivers\STM32F3xx_HAL_Driver\Src\stm32f3xx_hal_cortex.o
                0x080015f4                HAL_NVIC_SetPriority
 .text.HAL_NVIC_EnableIRQ
                0x08001660       0x18 Drivers\STM32F3xx_HAL_Driver\Src\stm32f3xx_hal_cortex.o
                0x08001660                HAL_NVIC_EnableIRQ
 .text.HAL_SYSTICK_Config
                0x08001678       0x34 Drivers\STM32F3xx_HAL_Driver\Src\stm32f3xx_hal_cortex.o
                0x08001678                HAL_SYSTICK_Config
 .text.HAL_SYSTICK_CLKSourceConfig
                0x080016ac       0x18 Drivers\STM32F3xx_HAL_Driver\Src\stm32f3xx_hal_cortex.o
                0x080016ac                HAL_SYSTICK_CLKSourceConfig
 .text.HAL_SYSTICK_Callback
                0x080016c4        0x4 Drivers\STM32F3xx_HAL_Driver\Src\stm32f3xx_hal_cortex.o
                0x080016c4                HAL_SYSTICK_Callback
 .text.HAL_SYSTICK_IRQHandler
                0x080016c8        0x8 Drivers\STM32F3xx_HAL_Driver\Src\stm32f3xx_hal_cortex.o
                0x080016c8                HAL_SYSTICK_IRQHandler
 .text.HAL_DMA_Init
                0x080016d0       0x8c Drivers\STM32F3xx_HAL_Driver\Src\stm32f3xx_hal_dma.o
                0x080016d0                HAL_DMA_Init
 .text.HAL_DMA_Start_IT
                0x0800175c       0x84 Drivers\STM32F3xx_HAL_Driver\Src\stm32f3xx_hal_dma.o
                0x0800175c                HAL_DMA_Start_IT
 .text.HAL_DMA_IRQHandler
                0x080017e0       0x98 Drivers\STM32F3xx_HAL_Driver\Src\stm32f3xx_hal_dma.o
                0x080017e0                HAL_DMA_IRQHandler
 .text.HAL_GPIO_Init
                0x08001878      0x1dc Drivers\STM32F3xx_HAL_Driver\Src\stm32f3xx_hal_gpio.o
                0x08001878                HAL_GPIO_Init
 .text.HAL_GPIO_ReadPin
                0x08001a54        0xc Drivers\STM32F3xx_HAL_Driver\Src\stm32f3xx_hal_gpio.o
                0x08001a54                HAL_GPIO_ReadPin
 .text.HAL_GPIO_WritePin
                0x08001a60        0xc Drivers\STM32F3xx_HAL_Driver\Src\stm32f3xx_hal_gpio.o
                0x08001a60                HAL_GPIO_WritePin
 .text.HAL_GPIO_TogglePin
                0x08001a6c        0x8 Drivers\STM32F3xx_HAL_Driver\Src\stm32f3xx_hal_gpio.o
                0x08001a6c                HAL_GPIO_TogglePin
 .text.I2C_WaitOnTXISFlagUntilTimeout
                0x08001a74       0xc4 Drivers\STM32F3xx_HAL_Driver\Src\stm32f3xx_hal_i2c.o
 .text.I2C_WaitOnSTOPFlagUntilTimeout
                0x08001b38       0xc8 Drivers\STM32F3xx_HAL_Driver\Src\stm32f3xx_hal_i2c.o
 .text.I2C_RequestMemoryRead
                0x08001c00       0xb4 Drivers\STM32F3xx_HAL_Driver\Src\stm32f3xx_hal_i2c.o
 .text.HAL_I2C_Init
                0x08001cb4       0xac Drivers\STM32F3xx_HAL_Driver\Src\stm32f3xx_hal_i2c.o
                0x08001cb4                HAL_I2C_Init
 .text.HAL_I2C_Master_Transmit
                0x08001d60      0x198 Drivers\STM32F3xx_HAL_Driver\Src\stm32f3xx_hal_i2c.o
                0x08001d60                HAL_I2C_Master_Transmit
 .text.HAL_I2C_Mem_Read
                0x08001ef8      0x1f0 Drivers\STM32F3xx_HAL_Driver\Src\stm32f3xx_hal_i2c.o
                0x08001ef8                HAL_I2C_Mem_Read
 .text.HAL_I2CEx_ConfigAnalogFilter
                0x080020e8       0x54 Drivers\STM32F3xx_HAL_Driver\Src\stm32f3xx_hal_i2c_ex.o
                0x080020e8                HAL_I2CEx_ConfigAnalogFilter
 .text.HAL_I2CEx_ConfigDigitalFilter
                0x0800213c       0x50 Drivers\STM32F3xx_HAL_Driver\Src\stm32f3xx_hal_i2c_ex.o
                0x0800213c                HAL_I2CEx_ConfigDigitalFilter
 .text.HAL_RCC_OscConfig
                0x0800218c      0x5a4 Drivers\STM32F3xx_HAL_Driver\Src\stm32f3xx_hal_rcc.o
                0x0800218c                HAL_RCC_OscConfig
 .text.HAL_RCC_ClockConfig
                0x08002730      0x1b8 Drivers\STM32F3xx_HAL_Driver\Src\stm32f3xx_hal_rcc.o
                0x08002730                HAL_RCC_ClockConfig
 .text.HAL_RCC_GetSysClockFreq
                0x080028e8       0x68 Drivers\STM32F3xx_HAL_Driver\Src\stm32f3xx_hal_rcc.o
                0x080028e8                HAL_RCC_GetSysClockFreq
 .text.HAL_RCC_GetHCLKFreq
                0x08002950        0xc Drivers\STM32F3xx_HAL_Driver\Src\stm32f3xx_hal_rcc.o
                0x08002950                HAL_RCC_GetHCLKFreq
 .text.HAL_RCC_GetPCLK1Freq
                0x0800295c       0x30 Drivers\STM32F3xx_HAL_Driver\Src\stm32f3xx_hal_rcc.o
                0x0800295c                HAL_RCC_GetPCLK1Freq
 .text.HAL_RCC_GetPCLK2Freq
                0x0800298c       0x30 Drivers\STM32F3xx_HAL_Driver\Src\stm32f3xx_hal_rcc.o
                0x0800298c                HAL_RCC_GetPCLK2Freq
 .text.HAL_RCCEx_PeriphCLKConfig
                0x080029bc      0x224 Drivers\STM32F3xx_HAL_Driver\Src\stm32f3xx_hal_rcc_ex.o
                0x080029bc                HAL_RCCEx_PeriphCLKConfig
 .text.HAL_TIM_Base_Init
                0x08002be0      0x12c Drivers\STM32F3xx_HAL_Driver\Src\stm32f3xx_hal_tim.o
                0x08002be0                HAL_TIM_Base_Init
 .text.HAL_TIM_PWM_Init
                0x08002d0c      0x12c Drivers\STM32F3xx_HAL_Driver\Src\stm32f3xx_hal_tim.o
                0x08002d0c                HAL_TIM_PWM_Init
 .text.HAL_TIM_PWM_Start
                0x08002e38       0x60 Drivers\STM32F3xx_HAL_Driver\Src\stm32f3xx_hal_tim.o
                0x08002e38                HAL_TIM_PWM_Start
 .text.HAL_TIM_Encoder_Init
                0x08002e98      0x19c Drivers\STM32F3xx_HAL_Driver\Src\stm32f3xx_hal_tim.o
                0x08002e98                HAL_TIM_Encoder_Init
 .text.HAL_TIM_Encoder_Start
                0x08003034       0x4c Drivers\STM32F3xx_HAL_Driver\Src\stm32f3xx_hal_tim.o
                0x08003034                HAL_TIM_Encoder_Start
 .text.HAL_TIM_PeriodElapsedCallback
                0x08003080        0x4 Drivers\STM32F3xx_HAL_Driver\Src\stm32f3xx_hal_tim.o
                0x08003080                HAL_TIM_PeriodElapsedCallback
 .text.HAL_TIM_OC_DelayElapsedCallback
                0x08003084        0x4 Drivers\STM32F3xx_HAL_Driver\Src\stm32f3xx_hal_tim.o
                0x08003084                HAL_TIM_OC_DelayElapsedCallback
 .text.HAL_TIM_IC_CaptureCallback
                0x08003088        0x4 Drivers\STM32F3xx_HAL_Driver\Src\stm32f3xx_hal_tim.o
                0x08003088                HAL_TIM_IC_CaptureCallback
 .text.HAL_TIM_PWM_PulseFinishedCallback
                0x0800308c        0x4 Drivers\STM32F3xx_HAL_Driver\Src\stm32f3xx_hal_tim.o
                0x0800308c                HAL_TIM_PWM_PulseFinishedCallback
 .text.HAL_TIM_TriggerCallback
                0x08003090        0x4 Drivers\STM32F3xx_HAL_Driver\Src\stm32f3xx_hal_tim.o
                0x08003090                HAL_TIM_TriggerCallback
 .text.HAL_TIM_IRQHandler
                0x08003094      0x170 Drivers\STM32F3xx_HAL_Driver\Src\stm32f3xx_hal_tim.o
                0x08003094                HAL_TIM_IRQHandler
 .text.TIM_OC1_SetConfig
                0x08003204       0x7c Drivers\STM32F3xx_HAL_Driver\Src\stm32f3xx_hal_tim.o
                0x08003204                TIM_OC1_SetConfig
 .text.TIM_OC2_SetConfig
                0x08003280       0x80 Drivers\STM32F3xx_HAL_Driver\Src\stm32f3xx_hal_tim.o
                0x08003280                TIM_OC2_SetConfig
 .text.TIM_OC3_SetConfig
                0x08003300       0x80 Drivers\STM32F3xx_HAL_Driver\Src\stm32f3xx_hal_tim.o
                0x08003300                TIM_OC3_SetConfig
 .text.TIM_OC4_SetConfig
                0x08003380       0x6c Drivers\STM32F3xx_HAL_Driver\Src\stm32f3xx_hal_tim.o
                0x08003380                TIM_OC4_SetConfig
 .text.HAL_TIM_PWM_ConfigChannel
                0x080033ec      0x1ec Drivers\STM32F3xx_HAL_Driver\Src\stm32f3xx_hal_tim_ex.o
                0x080033ec                HAL_TIM_PWM_ConfigChannel
 .text.HAL_TIMEx_MasterConfigSynchronization
                0x080035d8       0x54 Drivers\STM32F3xx_HAL_Driver\Src\stm32f3xx_hal_tim_ex.o
                0x080035d8                HAL_TIMEx_MasterConfigSynchronization
 .text.HAL_TIMEx_ConfigBreakDeadTime
                0x0800362c       0x8c Drivers\STM32F3xx_HAL_Driver\Src\stm32f3xx_hal_tim_ex.o
                0x0800362c                HAL_TIMEx_ConfigBreakDeadTime
 .text.HAL_TIMEx_CommutationCallback
                0x080036b8        0x4 Drivers\STM32F3xx_HAL_Driver\Src\stm32f3xx_hal_tim_ex.o
                0x080036b8                HAL_TIMEx_CommutationCallback
 .text.HAL_TIMEx_BreakCallback
                0x080036bc        0x4 Drivers\STM32F3xx_HAL_Driver\Src\stm32f3xx_hal_tim_ex.o
                0x080036bc                HAL_TIMEx_BreakCallback
 .text.HAL_TIMEx_Break2Callback
                0x080036c0        0x4 Drivers\STM32F3xx_HAL_Driver\Src\stm32f3xx_hal_tim_ex.o
                0x080036c0                HAL_TIMEx_Break2Callback
 .text.HAL_UART_Transmit
                0x080036c4       0xf0 Drivers\STM32F3xx_HAL_Driver\Src\stm32f3xx_hal_uart.o
                0x080036c4                HAL_UART_Transmit
 .text.HAL_UART_Receive
                0x080037b4      0x114 Drivers\STM32F3xx_HAL_Driver\Src\stm32f3xx_hal_uart.o
                0x080037b4                HAL_UART_Receive
 .text.HAL_UART_Receive_DMA
                0x080038c8       0x84 Drivers\STM32F3xx_HAL_Driver\Src\stm32f3xx_hal_uart.o
                0x080038c8                HAL_UART_Receive_DMA
 .text.UART_DMAReceiveCplt
                0x0800394c       0x38 Drivers\STM32F3xx_HAL_Driver\Src\stm32f3xx_hal_uart.o
 .text.HAL_UART_RxHalfCpltCallback
                0x08003984        0x4 Drivers\STM32F3xx_HAL_Driver\Src\stm32f3xx_hal_uart.o
                0x08003984                HAL_UART_RxHalfCpltCallback
 .text.UART_DMARxHalfCplt
                0x08003988        0xc Drivers\STM32F3xx_HAL_Driver\Src\stm32f3xx_hal_uart.o
 .text.HAL_UART_ErrorCallback
                0x08003994        0x4 Drivers\STM32F3xx_HAL_Driver\Src\stm32f3xx_hal_uart.o
                0x08003994                HAL_UART_ErrorCallback
 .text.UART_DMAError
                0x08003998       0x68 Drivers\STM32F3xx_HAL_Driver\Src\stm32f3xx_hal_uart.o
 .text.HAL_UART_GetState
                0x08003a00        0xc Drivers\STM32F3xx_HAL_Driver\Src\stm32f3xx_hal_uart.o
                0x08003a00                HAL_UART_GetState
 .text.UART_AdvFeatureConfig
                0x08003a0c       0xb0 Drivers\STM32F3xx_HAL_Driver\Src\stm32f3xx_hal_uart.o
                0x08003a0c                UART_AdvFeatureConfig
 .text.HAL_UART_Init
                0x08003abc      0x308 Drivers\STM32F3xx_HAL_Driver\Src\stm32f3xx_hal_uart.o
                0x08003abc                HAL_UART_Init
 .text.DFPlayer_init
                0x08003dc4        0xc Src\DFPlayer_Mini_mp3.o
                0x08003dc4                DFPlayer_init
 .text.DFPlayer_setvolume
                0x08003dd0       0x38 Src\DFPlayer_Mini_mp3.o
                0x08003dd0                DFPlayer_setvolume
 .text.DFPlayer_playmp3
                0x08003e08       0x38 Src\DFPlayer_Mini_mp3.o
                0x08003e08                DFPlayer_playmp3
 .text.JY901_init
                0x08003e40        0xc Src\JY901.o
                0x08003e40                JY901_init
 .text.JY901_def_set
                0x08003e4c       0x40 Src\JY901.o
                0x08003e4c                JY901_def_set
 .text.JY901_yaw_get
                0x08003e8c       0x48 Src\JY901.o
                0x08003e8c                JY901_yaw_get
 .text.servo    0x08003ed4      0x148 Src\actuator.o
                0x08003ed4                servo
 .text.ics_set_pos1
                0x0800401c       0x8c Src\actuator.o
                0x0800401c                ics_set_pos1
 .text.motor1   0x080040a8       0x70 Src\actuator.o
                0x080040a8                motor1
 .text.motor2   0x08004118       0x70 Src\actuator.o
                0x08004118                motor2
 .text.motor3   0x08004188       0x70 Src\actuator.o
                0x08004188                motor3
 .text.map_a    0x080041f8       0x1c Src\actuator.o
                0x080041f8                map_a
 .text.MX_ADC1_Init
                0x08004214      0x184 Src\adc.o
                0x08004214                MX_ADC1_Init
 .text.MX_ADC2_Init
                0x08004398       0xec Src\adc.o
                0x08004398                MX_ADC2_Init
 .text.MX_ADC3_Init
                0x08004484      0x1e4 Src\adc.o
                0x08004484                MX_ADC3_Init
 .text.MX_ADC4_Init
                0x08004668       0xf4 Src\adc.o
                0x08004668                MX_ADC4_Init
 .text.HAL_ADC_MspInit
                0x0800475c      0x2d4 Src\adc.o
                0x0800475c                HAL_ADC_MspInit
 .text.MX_DMA_Init
                0x08004a30       0x84 Src\dma.o
                0x08004a30                MX_DMA_Init
 .text.MX_GPIO_Init
                0x08004ab4      0x128 Src\gpio.o
                0x08004ab4                MX_GPIO_Init
 .text.MX_I2C1_Init
                0x08004bdc       0x6c Src\i2c.o
                0x08004bdc                MX_I2C1_Init
 .text.HAL_I2C_MspInit
                0x08004c48       0x54 Src\i2c.o
                0x08004c48                HAL_I2C_MspInit
 .text.oled_puts
                0x08004c9c      0x10c Src\i2c_lcd.o
                0x08004c9c                oled_puts
 .text.oled_contrast
                0x08004da8       0xb0 Src\i2c_lcd.o
                0x08004da8                oled_contrast
 .text.oled_i2c_to_oled
                0x08004e58       0xa0 Src\i2c_lcd.o
                0x08004e58                oled_i2c_to_oled
 .text.oled_clear
                0x08004ef8       0x2c Src\i2c_lcd.o
                0x08004ef8                oled_clear
 .text.oled_setcursor
                0x08004f24       0x7c Src\i2c_lcd.o
                0x08004f24                oled_setcursor
 .text.oled_returnhome
                0x08004fa0       0x2c Src\i2c_lcd.o
                0x08004fa0                oled_returnhome
 .text.SystemClock_Config
                0x08004fcc       0x9c Src\main.o
                0x08004fcc                SystemClock_Config
 .text.main_run
                0x08005068     0x12a0 Src\main.o
                0x08005068                main_run
 .text.test2    0x08006308      0x5cc Src\main.o
                0x08006308                test2
 .text.test     0x080068d4       0xb8 Src\main.o
                0x080068d4                test
 .text.state_print
                0x0800698c      0x280 Src\main.o
                0x0800698c                state_print
 .text.startup.main
                0x08006c0c      0x6a8 Src\main.o
                0x08006c0c                main
 .text.HAL_UART_RxCpltCallback
                0x080072b4       0x44 Src\main.o
                0x080072b4                HAL_UART_RxCpltCallback
 .text._Error_Handler
                0x080072f8        0x4 Src\main.o
                0x080072f8                _Error_Handler
 *fill*         0x080072fc        0x4 
 .text.motor_move
                0x08007300      0x734 Src\omni_wheel_Three-wheeled.o
                0x08007300                motor_move
 .text.HOUI_Correction
                0x08007a34      0x264 Src\omni_wheel_Three-wheeled.o
                0x08007a34                HOUI_Correction
 .text.line_get_data
                0x08007c98       0x88 Src\sensor.o
                0x08007c98                line_get_data
 .text.line_get_marker
                0x08007d20      0x118 Src\sensor.o
                0x08007d20                line_get_marker
 .text.line_get_data_poorly_made
                0x08007e38      0x594 Src\sensor.o
                0x08007e38                line_get_data_poorly_made
 .text.HAL_MspInit
                0x080083cc       0x90 Src\stm32f3xx_hal_msp.o
                0x080083cc                HAL_MspInit
 .text.NMI_Handler
                0x0800845c        0x4 Src\stm32f3xx_it.o
                0x0800845c                NMI_Handler
 .text.HardFault_Handler
                0x08008460        0x4 Src\stm32f3xx_it.o
                0x08008460                HardFault_Handler
 .text.MemManage_Handler
                0x08008464        0x4 Src\stm32f3xx_it.o
                0x08008464                MemManage_Handler
 .text.BusFault_Handler
                0x08008468        0x4 Src\stm32f3xx_it.o
                0x08008468                BusFault_Handler
 .text.UsageFault_Handler
                0x0800846c        0x4 Src\stm32f3xx_it.o
                0x0800846c                UsageFault_Handler
 .text.SVC_Handler
                0x08008470        0x4 Src\stm32f3xx_it.o
                0x08008470                SVC_Handler
 .text.DebugMon_Handler
                0x08008474        0x4 Src\stm32f3xx_it.o
                0x08008474                DebugMon_Handler
 .text.PendSV_Handler
                0x08008478        0x4 Src\stm32f3xx_it.o
                0x08008478                PendSV_Handler
 .text.SysTick_Handler
                0x0800847c       0x10 Src\stm32f3xx_it.o
                0x0800847c                SysTick_Handler
 .text.DMA1_Channel1_IRQHandler
                0x0800848c        0xc Src\stm32f3xx_it.o
                0x0800848c                DMA1_Channel1_IRQHandler
 .text.DMA1_Channel6_IRQHandler
                0x08008498        0xc Src\stm32f3xx_it.o
                0x08008498                DMA1_Channel6_IRQHandler
 .text.TIM6_DAC_IRQHandler
                0x080084a4        0xc Src\stm32f3xx_it.o
                0x080084a4                TIM6_DAC_IRQHandler
 .text.DMA2_Channel3_IRQHandler
                0x080084b0        0xc Src\stm32f3xx_it.o
                0x080084b0                DMA2_Channel3_IRQHandler
 .text.DMA2_Channel4_IRQHandler
                0x080084bc        0xc Src\stm32f3xx_it.o
                0x080084bc                DMA2_Channel4_IRQHandler
 .text.DMA2_Channel5_IRQHandler
                0x080084c8        0xc Src\stm32f3xx_it.o
                0x080084c8                DMA2_Channel5_IRQHandler
 .text.SystemInit
                0x080084d4       0x70 Src\system_stm32f3xx.o
                0x080084d4                SystemInit
 .text.MX_TIM1_Init
                0x08008544      0x1f4 Src\tim.o
                0x08008544                MX_TIM1_Init
 .text.MX_TIM2_Init
                0x08008738      0x180 Src\tim.o
                0x08008738                MX_TIM2_Init
 .text.MX_TIM3_Init
                0x080088b8       0x78 Src\tim.o
                0x080088b8                MX_TIM3_Init
 .text.MX_TIM4_Init
                0x08008930       0x78 Src\tim.o
                0x08008930                MX_TIM4_Init
 .text.MX_TIM6_Init
                0x080089a8       0x5c Src\tim.o
                0x080089a8                MX_TIM6_Init
 .text.MX_TIM8_Init
                0x08008a04       0x80 Src\tim.o
                0x08008a04                MX_TIM8_Init
 .text.MX_TIM15_Init
                0x08008a84      0x1a8 Src\tim.o
                0x08008a84                MX_TIM15_Init
 .text.MX_TIM16_Init
                0x08008c2c      0x198 Src\tim.o
                0x08008c2c                MX_TIM16_Init
 .text.MX_TIM17_Init
                0x08008dc4      0x198 Src\tim.o
                0x08008dc4                MX_TIM17_Init
 .text.HAL_TIM_PWM_MspInit
                0x08008f5c       0x70 Src\tim.o
                0x08008f5c                HAL_TIM_PWM_MspInit
 .text.HAL_TIM_Encoder_MspInit
                0x08008fcc       0xe0 Src\tim.o
                0x08008fcc                HAL_TIM_Encoder_MspInit
 .text.HAL_TIM_Base_MspInit
                0x080090ac       0x84 Src\tim.o
                0x080090ac                HAL_TIM_Base_MspInit
 .text.MX_UART4_Init
                0x08009130       0x44 Src\usart.o
                0x08009130                MX_UART4_Init
 .text.MX_USART1_UART_Init
                0x08009174       0x4c Src\usart.o
                0x08009174                MX_USART1_UART_Init
 .text.MX_USART2_UART_Init
                0x080091c0       0x4c Src\usart.o
                0x080091c0                MX_USART2_UART_Init
 .text.MX_USART3_UART_Init
                0x0800920c       0x4c Src\usart.o
                0x0800920c                MX_USART3_UART_Init
 .text.HAL_UART_MspInit
                0x08009258      0x160 Src\usart.o
                0x08009258                HAL_UART_MspInit
 .text.uart_putc
                0x080093b8       0x24 Src\xprintf.o
                0x080093b8                uart_putc
 .text.xvprintf
                0x080093dc      0x6a4 Src\xprintf.o
 .text.xprintf_init
                0x08009a80       0x18 Src\xprintf.o
                0x08009a80                xprintf_init
 .text.xprintf  0x08009a98       0x1c Src\xprintf.o
                0x08009a98                xprintf
 .text.Reset_Handler
                0x08009ab4       0x50 startup\startup_stm32f303xc.o
                0x08009ab4                Reset_Handler
 .text.Default_Handler
                0x08009b04        0x2 startup\startup_stm32f303xc.o
                0x08009b04                RTC_Alarm_IRQHandler
                0x08009b04                TIM8_TRG_COM_IRQHandler
                0x08009b04                TIM8_CC_IRQHandler
                0x08009b04                TIM1_CC_IRQHandler
                0x08009b04                USB_HP_IRQHandler
                0x08009b04                PVD_IRQHandler
                0x08009b04                TAMP_STAMP_IRQHandler
                0x08009b04                EXTI3_IRQHandler
                0x08009b04                USB_HP_CAN_TX_IRQHandler
                0x08009b04                EXTI0_IRQHandler
                0x08009b04                I2C2_EV_IRQHandler
                0x08009b04                FPU_IRQHandler
                0x08009b04                TIM1_UP_TIM16_IRQHandler
                0x08009b04                ADC1_2_IRQHandler
                0x08009b04                SPI1_IRQHandler
                0x08009b04                CAN_SCE_IRQHandler
                0x08009b04                TIM8_UP_IRQHandler
                0x08009b04                DMA2_Channel2_IRQHandler
                0x08009b04                DMA1_Channel4_IRQHandler
                0x08009b04                USART3_IRQHandler
                0x08009b04                DMA1_Channel7_IRQHandler
                0x08009b04                UART5_IRQHandler
                0x08009b04                ADC3_IRQHandler
                0x08009b04                TIM4_IRQHandler
                0x08009b04                CAN_RX1_IRQHandler
                0x08009b04                DMA2_Channel1_IRQHandler
                0x08009b04                I2C1_EV_IRQHandler
                0x08009b04                UART4_IRQHandler
                0x08009b04                TIM3_IRQHandler
                0x08009b04                RCC_IRQHandler
                0x08009b04                Default_Handler
                0x08009b04                USBWakeUp_RMP_IRQHandler
                0x08009b04                EXTI15_10_IRQHandler
                0x08009b04                TIM7_IRQHandler
                0x08009b04                EXTI9_5_IRQHandler
                0x08009b04                RTC_WKUP_IRQHandler
                0x08009b04                SPI2_IRQHandler
                0x08009b04                USB_LP_CAN_RX0_IRQHandler
                0x08009b04                DMA1_Channel5_IRQHandler
                0x08009b04                USB_LP_IRQHandler
                0x08009b04                EXTI4_IRQHandler
                0x08009b04                TIM1_TRG_COM_TIM17_IRQHandler
                0x08009b04                DMA1_Channel3_IRQHandler
                0x08009b04                ADC4_IRQHandler
                0x08009b04                WWDG_IRQHandler
                0x08009b04                TIM2_IRQHandler
                0x08009b04                COMP7_IRQHandler
                0x08009b04                COMP1_2_3_IRQHandler
                0x08009b04                EXTI1_IRQHandler
                0x08009b04                USART2_IRQHandler
                0x08009b04                COMP4_5_6_IRQHandler
                0x08009b04                I2C2_ER_IRQHandler
                0x08009b04                DMA1_Channel2_IRQHandler
                0x08009b04                TIM8_BRK_IRQHandler
                0x08009b04                FLASH_IRQHandler
                0x08009b04                USART1_IRQHandler
                0x08009b04                SPI3_IRQHandler
                0x08009b04                I2C1_ER_IRQHandler
                0x08009b04                USBWakeUp_IRQHandler
                0x08009b04                EXTI2_TSC_IRQHandler
                0x08009b04                TIM1_BRK_TIM15_IRQHandler
 *fill*         0x08009b06        0x2 
 .text.__libc_init_array
                0x08009b08       0x48 c:/program files (x86)/atollic/truestudio for stm32 9.2.0/armtools/bin/../lib/gcc/arm-atollic-eabi/6.3.1/../../../../arm-atollic-eabi/lib/armv7e-m/fpu\libc_nano.a(lib_a-init.o)
                0x08009b08                __libc_init_array
 .text.round    0x08009b50       0x8c c:/program files (x86)/atollic/truestudio for stm32 9.2.0/armtools/bin/../lib/gcc/arm-atollic-eabi/6.3.1/../../../../arm-atollic-eabi/lib/armv7e-m/fpu\libm.a(lib_a-s_round.o)
                0x08009b50                round
 *fill*         0x08009bdc        0x4 
 .text.sin      0x08009be0       0x90 c:/program files (x86)/atollic/truestudio for stm32 9.2.0/armtools/bin/../lib/gcc/arm-atollic-eabi/6.3.1/../../../../arm-atollic-eabi/lib/armv7e-m/fpu\libm.a(lib_a-s_sin.o)
                0x08009be0                sin
 .text.log      0x08009c70      0x100 c:/program files (x86)/atollic/truestudio for stm32 9.2.0/armtools/bin/../lib/gcc/arm-atollic-eabi/6.3.1/../../../../arm-atollic-eabi/lib/armv7e-m/fpu\libm.a(lib_a-w_log.o)
                0x08009c70                log
 .text.sqrt     0x08009d70       0xb4 c:/program files (x86)/atollic/truestudio for stm32 9.2.0/armtools/bin/../lib/gcc/arm-atollic-eabi/6.3.1/../../../../arm-atollic-eabi/lib/armv7e-m/fpu\libm.a(lib_a-w_sqrt.o)
                0x08009d70                sqrt
 *fill*         0x08009e24        0x4 
 .text.__ieee754_log
                0x08009e28      0x3b0 c:/program files (x86)/atollic/truestudio for stm32 9.2.0/armtools/bin/../lib/gcc/arm-atollic-eabi/6.3.1/../../../../arm-atollic-eabi/lib/armv7e-m/fpu\libm.a(lib_a-e_log.o)
                0x08009e28                __ieee754_log
 .text.__ieee754_rem_pio2
                0x0800a1d8      0x3e4 c:/program files (x86)/atollic/truestudio for stm32 9.2.0/armtools/bin/../lib/gcc/arm-atollic-eabi/6.3.1/../../../../arm-atollic-eabi/lib/armv7e-m/fpu\libm.a(lib_a-e_rem_pio2.o)
                0x0800a1d8                __ieee754_rem_pio2
 .text.__ieee754_sqrt
                0x0800a5bc      0x160 c:/program files (x86)/atollic/truestudio for stm32 9.2.0/armtools/bin/../lib/gcc/arm-atollic-eabi/6.3.1/../../../../arm-atollic-eabi/lib/armv7e-m/fpu\libm.a(lib_a-e_sqrt.o)
                0x0800a5bc                __ieee754_sqrt
 *fill*         0x0800a71c        0x4 
 .text.__kernel_cos
                0x0800a720      0x1cc c:/program files (x86)/atollic/truestudio for stm32 9.2.0/armtools/bin/../lib/gcc/arm-atollic-eabi/6.3.1/../../../../arm-atollic-eabi/lib/armv7e-m/fpu\libm.a(lib_a-k_cos.o)
                0x0800a720                __kernel_cos
 *fill*         0x0800a8ec        0x4 
 .text.__kernel_rem_pio2
                0x0800a8f0      0x69c c:/program files (x86)/atollic/truestudio for stm32 9.2.0/armtools/bin/../lib/gcc/arm-atollic-eabi/6.3.1/../../../../arm-atollic-eabi/lib/armv7e-m/fpu\libm.a(lib_a-k_rem_pio2.o)
                0x0800a8f0                __kernel_rem_pio2
 *fill*         0x0800af8c        0x4 
 .text.__kernel_sin
                0x0800af90      0x174 c:/program files (x86)/atollic/truestudio for stm32 9.2.0/armtools/bin/../lib/gcc/arm-atollic-eabi/6.3.1/../../../../arm-atollic-eabi/lib/armv7e-m/fpu\libm.a(lib_a-k_sin.o)
                0x0800af90                __kernel_sin
 .text.fabs     0x0800b104        0xe c:/program files (x86)/atollic/truestudio for stm32 9.2.0/armtools/bin/../lib/gcc/arm-atollic-eabi/6.3.1/../../../../arm-atollic-eabi/lib/armv7e-m/fpu\libm.a(lib_a-s_fabs.o)
                0x0800b104                fabs
 *fill*         0x0800b112        0x6 
 .text.floor    0x0800b118      0x108 c:/program files (x86)/atollic/truestudio for stm32 9.2.0/armtools/bin/../lib/gcc/arm-atollic-eabi/6.3.1/../../../../arm-atollic-eabi/lib/armv7e-m/fpu\libm.a(lib_a-s_floor.o)
                0x0800b118                floor
 .text.matherr  0x0800b220        0x4 c:/program files (x86)/atollic/truestudio for stm32 9.2.0/armtools/bin/../lib/gcc/arm-atollic-eabi/6.3.1/../../../../arm-atollic-eabi/lib/armv7e-m/fpu\libm.a(lib_a-s_matherr.o)
                0x0800b220                matherr
 *fill*         0x0800b224        0x4 
 .text.nan      0x0800b228       0x10 c:/program files (x86)/atollic/truestudio for stm32 9.2.0/armtools/bin/../lib/gcc/arm-atollic-eabi/6.3.1/../../../../arm-atollic-eabi/lib/armv7e-m/fpu\libm.a(lib_a-s_nan.o)
                0x0800b228                nan
 .text.scalbn   0x0800b238       0xf4 c:/program files (x86)/atollic/truestudio for stm32 9.2.0/armtools/bin/../lib/gcc/arm-atollic-eabi/6.3.1/../../../../arm-atollic-eabi/lib/armv7e-m/fpu\libm.a(lib_a-s_scalbn.o)
                0x0800b238                scalbn
 .text.copysign
                0x0800b32c       0x1a c:/program files (x86)/atollic/truestudio for stm32 9.2.0/armtools/bin/../lib/gcc/arm-atollic-eabi/6.3.1/../../../../arm-atollic-eabi/lib/armv7e-m/fpu\libm.a(lib_a-s_copysign.o)
                0x0800b32c                copysign
 *fill*         0x0800b346        0x2 
 .text.__errno  0x0800b348        0xc c:/program files (x86)/atollic/truestudio for stm32 9.2.0/armtools/bin/../lib/gcc/arm-atollic-eabi/6.3.1/../../../../arm-atollic-eabi/lib/armv7e-m/fpu\libc_nano.a(lib_a-errno.o)
                0x0800b348                __errno
 *(.glue_7)
 .glue_7        0x0800b354        0x0 linker stubs
 *(.glue_7t)
 .glue_7t       0x0800b354        0x0 linker stubs
 *(.eh_frame)
 .eh_frame      0x0800b354        0x0 c:/program files (x86)/atollic/truestudio for stm32 9.2.0/armtools/bin/../lib/gcc/arm-atollic-eabi/6.3.1/armv7e-m/fpu/crtbegin.o
 *(.init)
 .init          0x0800b354        0x4 c:/program files (x86)/atollic/truestudio for stm32 9.2.0/armtools/bin/../lib/gcc/arm-atollic-eabi/6.3.1/armv7e-m/fpu/crti.o
                0x0800b354                _init
 .init          0x0800b358        0x8 c:/program files (x86)/atollic/truestudio for stm32 9.2.0/armtools/bin/../lib/gcc/arm-atollic-eabi/6.3.1/armv7e-m/fpu/crtn.o
 *(.fini)
 .fini          0x0800b360        0x4 c:/program files (x86)/atollic/truestudio for stm32 9.2.0/armtools/bin/../lib/gcc/arm-atollic-eabi/6.3.1/armv7e-m/fpu/crti.o
                0x0800b360                _fini
 .fini          0x0800b364        0x8 c:/program files (x86)/atollic/truestudio for stm32 9.2.0/armtools/bin/../lib/gcc/arm-atollic-eabi/6.3.1/armv7e-m/fpu/crtn.o
                0x0800b36c                . = ALIGN (0x4)
                0x0800b36c                _etext = .

.vfp11_veneer   0x0800b36c        0x0
 .vfp11_veneer  0x0800b36c        0x0 linker stubs

.v4_bx          0x0800b36c        0x0
 .v4_bx         0x0800b36c        0x0 linker stubs

.iplt           0x0800b36c        0x0
 .iplt          0x0800b36c        0x0 c:/program files (x86)/atollic/truestudio for stm32 9.2.0/armtools/bin/../lib/gcc/arm-atollic-eabi/6.3.1/armv7e-m/fpu/crtbegin.o

.rodata         0x0800b370      0x540
                0x0800b370                . = ALIGN (0x4)
 *(.rodata)
 *(.rodata*)
 .rodata.aPLLMULFactorTable
                0x0800b370       0x10 Drivers\STM32F3xx_HAL_Driver\Src\stm32f3xx_hal_rcc.o
                0x0800b370                aPLLMULFactorTable
 .rodata.aPredivFactorTable
                0x0800b380       0x10 Drivers\STM32F3xx_HAL_Driver\Src\stm32f3xx_hal_rcc.o
                0x0800b380                aPredivFactorTable
 .rodata.CSWTCH.45
                0x0800b390        0x4 Drivers\STM32F3xx_HAL_Driver\Src\stm32f3xx_hal_uart.o
 .rodata.servo.str1.4
                0x0800b394       0x12 Src\actuator.o
 *fill*         0x0800b3a6        0x2 
 .rodata.MX_ADC1_Init.str1.4
                0x0800b3a8        0xd Src\adc.o
 *fill*         0x0800b3b5        0x3 
 .rodata.MX_I2C1_Init.str1.4
                0x0800b3b8        0xd Src\i2c.o
 *fill*         0x0800b3c5        0x3 
 .rodata.main.str1.4
                0x0800b3c8      0x109 Src\main.o
 *fill*         0x0800b4d1        0x3 
 .rodata.main_run.str1.4
                0x0800b4d4       0x7d Src\main.o
 *fill*         0x0800b551        0x3 
 .rodata.state_print.str1.4
                0x0800b554      0x13f Src\main.o
 *fill*         0x0800b693        0x1 
 .rodata.AHBPrescTable
                0x0800b694       0x10 Src\system_stm32f3xx.o
                0x0800b694                AHBPrescTable
 .rodata.APBPrescTable
                0x0800b6a4        0x8 Src\system_stm32f3xx.o
                0x0800b6a4                APBPrescTable
 .rodata.MX_TIM1_Init.str1.4
                0x0800b6ac        0xd Src\tim.o
 *fill*         0x0800b6b9        0x3 
 .rodata.MX_UART4_Init.str1.4
                0x0800b6bc       0x10 Src\usart.o
                                  0xf (size before relaxing)
 .rodata.log.str1.1
                0x0800b6cc        0x4 c:/program files (x86)/atollic/truestudio for stm32 9.2.0/armtools/bin/../lib/gcc/arm-atollic-eabi/6.3.1/../../../../arm-atollic-eabi/lib/armv7e-m/fpu\libm.a(lib_a-w_log.o)
                                  0x5 (size before relaxing)
 .rodata.sqrt.str1.1
                0x0800b6d0        0x5 c:/program files (x86)/atollic/truestudio for stm32 9.2.0/armtools/bin/../lib/gcc/arm-atollic-eabi/6.3.1/../../../../arm-atollic-eabi/lib/armv7e-m/fpu\libm.a(lib_a-w_sqrt.o)
 *fill*         0x0800b6d5        0x3 
 .rodata.npio2_hw
                0x0800b6d8       0x80 c:/program files (x86)/atollic/truestudio for stm32 9.2.0/armtools/bin/../lib/gcc/arm-atollic-eabi/6.3.1/../../../../arm-atollic-eabi/lib/armv7e-m/fpu\libm.a(lib_a-e_rem_pio2.o)
 .rodata.two_over_pi
                0x0800b758      0x108 c:/program files (x86)/atollic/truestudio for stm32 9.2.0/armtools/bin/../lib/gcc/arm-atollic-eabi/6.3.1/../../../../arm-atollic-eabi/lib/armv7e-m/fpu\libm.a(lib_a-e_rem_pio2.o)
 .rodata.PIo2   0x0800b860       0x40 c:/program files (x86)/atollic/truestudio for stm32 9.2.0/armtools/bin/../lib/gcc/arm-atollic-eabi/6.3.1/../../../../arm-atollic-eabi/lib/armv7e-m/fpu\libm.a(lib_a-k_rem_pio2.o)
 .rodata.init_jk
                0x0800b8a0       0x10 c:/program files (x86)/atollic/truestudio for stm32 9.2.0/armtools/bin/../lib/gcc/arm-atollic-eabi/6.3.1/../../../../arm-atollic-eabi/lib/armv7e-m/fpu\libm.a(lib_a-k_rem_pio2.o)
                0x0800b8b0                . = ALIGN (0x4)

.rel.dyn        0x0800b8b0        0x0
 .rel.iplt      0x0800b8b0        0x0 c:/program files (x86)/atollic/truestudio for stm32 9.2.0/armtools/bin/../lib/gcc/arm-atollic-eabi/6.3.1/armv7e-m/fpu/crtbegin.o

.ARM.extab
 *(.ARM.extab* .gnu.linkonce.armextab.*)

.ARM            0x0800b8b0        0x0
                0x0800b8b0                __exidx_start = .
 *(.ARM.exidx*)
                0x0800b8b0                __exidx_end = .

.preinit_array  0x0800b8b0        0x0
                0x0800b8b0                PROVIDE (__preinit_array_start, .)
 *(.preinit_array*)
                0x0800b8b0                PROVIDE (__preinit_array_end, .)

.init_array     0x0800b8b0        0x4
                0x0800b8b0                PROVIDE (__init_array_start, .)
 *(SORT(.init_array.*))
 *(.init_array*)
 .init_array    0x0800b8b0        0x4 c:/program files (x86)/atollic/truestudio for stm32 9.2.0/armtools/bin/../lib/gcc/arm-atollic-eabi/6.3.1/armv7e-m/fpu/crtbegin.o
                0x0800b8b4                PROVIDE (__init_array_end, .)

.fini_array     0x0800b8b4        0x4
                [!provide]                PROVIDE (__fini_array_start, .)
 *(SORT(.fini_array.*))
 *(.fini_array*)
 .fini_array    0x0800b8b4        0x4 c:/program files (x86)/atollic/truestudio for stm32 9.2.0/armtools/bin/../lib/gcc/arm-atollic-eabi/6.3.1/armv7e-m/fpu/crtbegin.o
                [!provide]                PROVIDE (__fini_array_end, .)
                0x0800b8b8                _sidata = LOADADDR (.data)

.data           0x20000000       0x74 load address 0x0800b8b8
                0x20000000                . = ALIGN (0x4)
                0x20000000                _sdata = .
 *(.data)
 *(.data*)
 .data.uwTickFreq
                0x20000000        0x1 Drivers\STM32F3xx_HAL_Driver\Src\stm32f3xx_hal.o
                0x20000000                uwTickFreq
 *fill*         0x20000001        0x3 
 .data.uwTickPrio
                0x20000004        0x4 Drivers\STM32F3xx_HAL_Driver\Src\stm32f3xx_hal.o
                0x20000004                uwTickPrio
 .data.SystemCoreClock
                0x20000008        0x4 Src\system_stm32f3xx.o
                0x20000008                SystemCoreClock
 .data.__fdlib_version
                0x2000000c        0x1 c:/program files (x86)/atollic/truestudio for stm32 9.2.0/armtools/bin/../lib/gcc/arm-atollic-eabi/6.3.1/../../../../arm-atollic-eabi/lib/armv7e-m/fpu\libm.a(lib_a-s_lib_ver.o)
                0x2000000c                __fdlib_version
 *fill*         0x2000000d        0x3 
 .data._impure_ptr
                0x20000010        0x4 c:/program files (x86)/atollic/truestudio for stm32 9.2.0/armtools/bin/../lib/gcc/arm-atollic-eabi/6.3.1/../../../../arm-atollic-eabi/lib/armv7e-m/fpu\libc_nano.a(lib_a-impure.o)
                0x20000010                _impure_ptr
 .data.impure_data
                0x20000014       0x60 c:/program files (x86)/atollic/truestudio for stm32 9.2.0/armtools/bin/../lib/gcc/arm-atollic-eabi/6.3.1/../../../../arm-atollic-eabi/lib/armv7e-m/fpu\libc_nano.a(lib_a-impure.o)
                0x20000074                . = ALIGN (0x4)
                0x20000074                _edata = .
                0x0800b92c                _siccmram = LOADADDR (.ccmram)

.igot.plt       0x20000074        0x0 load address 0x0800b92c
 .igot.plt      0x20000074        0x0 c:/program files (x86)/atollic/truestudio for stm32 9.2.0/armtools/bin/../lib/gcc/arm-atollic-eabi/6.3.1/armv7e-m/fpu/crtbegin.o

.ccmram         0x10000000        0x0 load address 0x0800b92c
                0x10000000                . = ALIGN (0x4)
                0x10000000                _sccmram = .
 *(.ccmram)
 *(.ccmram*)
                0x10000000                . = ALIGN (0x4)
                0x10000000                _eccmram = .
                0x10000000                . = ALIGN (0x4)

.bss            0x20000074      0x9a8
                0x20000074                _sbss = .
                0x20000074                __bss_start__ = _sbss
 *(.bss)
 .bss           0x20000074       0x1c c:/program files (x86)/atollic/truestudio for stm32 9.2.0/armtools/bin/../lib/gcc/arm-atollic-eabi/6.3.1/armv7e-m/fpu/crtbegin.o
 *(.bss*)
 .bss.HAL_RCC_ADC12_CLK_ENABLED
                0x20000090        0x4 Src\adc.o
 .bss.HAL_RCC_ADC34_CLK_ENABLED
                0x20000094        0x4 Src\adc.o
 .bss.shyuukai  0x20000098        0x1 Src\main.o
                0x20000098                shyuukai
 *fill*         0x20000099        0x3 
 .bss.outptr    0x2000009c        0x4 Src\xprintf.o
 *(COMMON)
 COMMON         0x200000a0        0x4 Drivers\STM32F3xx_HAL_Driver\Src\stm32f3xx_hal.o
                0x200000a0                uwTick
 COMMON         0x200000a4        0xc Src\DFPlayer_Mini_mp3.o
                0x200000a4                huart_DFPlayer
                0x200000a8                cmd
 COMMON         0x200000b0        0x4 Src\JY901.o
                0x200000b0                JY901_I2C
 COMMON         0x200000b4      0x25e Src\actuator.o
                0x200000b4                Linedata_R_temp1
                0x200000bc                Linedata_temp10
                0x200000c4                Linedata_temp20
                0x200000ca                HOUI_def
                0x200000cc                Flug_Rxdata
                0x200000d0                Linedata_temp6
                0x200000d8                Linedata_temp21
                0x200000e0                sConfig_adc
                0x200000f8                Linedata_temp17
                0x20000100                Linedata_L_temp1
                0x20000108                temp2
                0x2000010c                motorR
                0x20000110                Linedata_R
                0x20000116                marker_count_data
                0x20000118                power
                0x2000011c                sMasterConfig
                0x20000128                cnt
                0x20000129                motorL
                0x2000012c                Linedata_temp9
                0x20000134                angle_1
                0x20000138                power3
                0x2000013c                Rxbuf
                0x20000140                Linedata_temp14
                0x20000148                Linedata_temp15
                0x20000150                huart_xprintf
                0x20000154                Linedata_temp4
                0x2000015c                temp1
                0x20000160                Linedata
                0x20000190                Line_data_temp
                0x20000194                Linedata_temp1
                0x2000019c                digree
                0x200001a0                HOUI
                0x200001a4                sConfigOC
                0x200001c0                power2
                0x200001c4                sBreakDeadTimeConfig
                0x200001f0                Linedata_temp11
                0x200001f8                Linedata_temp18
                0x20000200                Linedata_L_temp0
                0x20000206                marker_count_data_
                0x20000208                Linedata_temp2
                0x20000210                power4
                0x20000214                Linedata_R_temp2
                0x2000021c                data
                0x20000220                Linedata_temp23
                0x20000228                ADCdata3
                0x20000240                y
                0x20000244                Linedata_temp7
                0x2000024c                Linedata_L_temp2
                0x20000254                Linedata_temp22
                0x2000025c                sConfig
                0x20000280                Linedata_temp5
                0x20000288                Linedata_temp12
                0x20000290                angle_2
                0x20000294                Linedata_temp13
                0x2000029c                Linedata_R_temp0
                0x200002a4                Linedata_L
                0x200002ac                ADCdata4
                0x200002b8                Linedata_temp19
                0x200002c0                Linedata_temp0
                0x200002c8                Linedata_temp16
                0x200002d0                power1
                0x200002d4                digtemp
                0x200002d8                Linedata_temp3
                0x200002e0                Linedata_temp8
                0x200002e8                oled_I2C
                0x200002ec                Txbuf
                0x200002f0                counttime
                0x200002f4                ADCdata2
                0x20000300                ADCdata1
 *fill*         0x20000312        0x2 
 COMMON         0x20000314      0x26c Src\adc.o
                0x20000314                hdma_adc4
                0x20000358                multimode
                0x20000364                hadc2
                0x200003b8                hdma_adc3
                0x200003fc                hadc1
                0x20000450                hadc3
                0x200004a4                hdma_adc1
                0x200004e8                hadc4
                0x2000053c                hdma_adc2
 COMMON         0x20000580       0x4c Src\i2c.o
                0x20000580                hi2c1
 COMMON         0x200005cc        0x1 Src\main.o
                0x200005cc                mode
 *fill*         0x200005cd        0x3 
 COMMON         0x200005d0      0x240 Src\tim.o
                0x200005d0                htim8
                0x20000610                htim4
                0x20000650                htim15
                0x20000690                htim17
                0x200006d0                htim3
                0x20000710                htim6
                0x20000750                htim1
                0x20000790                htim2
                0x200007d0                htim16
 COMMON         0x20000810      0x204 Src\usart.o
                0x20000810                hdma_usart2_rx
                0x20000854                huart3
                0x200008c4                huart1
                0x20000934                huart4
                0x200009a4                huart2
 COMMON         0x20000a14        0x8 Src\xprintf.o
                0x20000a14                xfunc_in
                0x20000a18                xfunc_out
                0x20000a1c                . = ALIGN (0x4)
                0x20000a1c                _ebss = .
                0x20000a1c                __bss_end__ = _ebss

._user_heap_stack
                0x20000a1c      0x600
                0x20000a1c                . = ALIGN (0x4)
                [!provide]                PROVIDE (end, .)
                [!provide]                PROVIDE (_end, .)
                0x20000c1c                . = (. + _Min_Heap_Size)
 *fill*         0x20000a1c      0x200 
                0x2000101c                . = (. + _Min_Stack_Size)
 *fill*         0x20000c1c      0x400 
                0x2000101c                . = ALIGN (0x4)

/DISCARD/
 libc.a(*)
 libm.a(*)
 libgcc.a(*)

.ARM.attributes
                0x00000000       0x30
 *(.ARM.attributes)
 .ARM.attributes
                0x00000000       0x22 c:/program files (x86)/atollic/truestudio for stm32 9.2.0/armtools/bin/../lib/gcc/arm-atollic-eabi/6.3.1/armv7e-m/fpu/crti.o
 .ARM.attributes
                0x00000022       0x34 c:/program files (x86)/atollic/truestudio for stm32 9.2.0/armtools/bin/../lib/gcc/arm-atollic-eabi/6.3.1/armv7e-m/fpu/crtbegin.o
 .ARM.attributes
                0x00000056       0x35 Drivers\STM32F3xx_HAL_Driver\Src\stm32f3xx_hal.o
 .ARM.attributes
                0x0000008b       0x35 Drivers\STM32F3xx_HAL_Driver\Src\stm32f3xx_hal_adc.o
 .ARM.attributes
                0x000000c0       0x35 Drivers\STM32F3xx_HAL_Driver\Src\stm32f3xx_hal_adc_ex.o
 .ARM.attributes
                0x000000f5       0x35 Drivers\STM32F3xx_HAL_Driver\Src\stm32f3xx_hal_cortex.o
 .ARM.attributes
                0x0000012a       0x35 Drivers\STM32F3xx_HAL_Driver\Src\stm32f3xx_hal_dma.o
 .ARM.attributes
                0x0000015f       0x35 Drivers\STM32F3xx_HAL_Driver\Src\stm32f3xx_hal_gpio.o
 .ARM.attributes
                0x00000194       0x35 Drivers\STM32F3xx_HAL_Driver\Src\stm32f3xx_hal_i2c.o
 .ARM.attributes
                0x000001c9       0x35 Drivers\STM32F3xx_HAL_Driver\Src\stm32f3xx_hal_i2c_ex.o
 .ARM.attributes
                0x000001fe       0x35 Drivers\STM32F3xx_HAL_Driver\Src\stm32f3xx_hal_rcc.o
 .ARM.attributes
                0x00000233       0x35 Drivers\STM32F3xx_HAL_Driver\Src\stm32f3xx_hal_rcc_ex.o
 .ARM.attributes
                0x00000268       0x35 Drivers\STM32F3xx_HAL_Driver\Src\stm32f3xx_hal_tim.o
 .ARM.attributes
                0x0000029d       0x35 Drivers\STM32F3xx_HAL_Driver\Src\stm32f3xx_hal_tim_ex.o
 .ARM.attributes
                0x000002d2       0x35 Drivers\STM32F3xx_HAL_Driver\Src\stm32f3xx_hal_uart.o
 .ARM.attributes
                0x00000307       0x35 Src\DFPlayer_Mini_mp3.o
 .ARM.attributes
                0x0000033c       0x35 Src\JY901.o
 .ARM.attributes
                0x00000371       0x35 Src\actuator.o
 .ARM.attributes
                0x000003a6       0x35 Src\adc.o
 .ARM.attributes
                0x000003db       0x35 Src\dma.o
 .ARM.attributes
                0x00000410       0x35 Src\gpio.o
 .ARM.attributes
                0x00000445       0x35 Src\i2c.o
 .ARM.attributes
                0x0000047a       0x35 Src\i2c_lcd.o
 .ARM.attributes
                0x000004af       0x35 Src\main.o
 .ARM.attributes
                0x000004e4       0x35 Src\omni_wheel_Three-wheeled.o
 .ARM.attributes
                0x00000519       0x35 Src\sensor.o
 .ARM.attributes
                0x0000054e       0x35 Src\stm32f3xx_hal_msp.o
 .ARM.attributes
                0x00000583       0x35 Src\stm32f3xx_it.o
 .ARM.attributes
                0x000005b8       0x35 Src\system_stm32f3xx.o
 .ARM.attributes
                0x000005ed       0x35 Src\tim.o
 .ARM.attributes
                0x00000622       0x35 Src\usart.o
 .ARM.attributes
                0x00000657       0x35 Src\xprintf.o
 .ARM.attributes
                0x0000068c       0x21 startup\startup_stm32f303xc.o
 .ARM.attributes
                0x000006ad       0x34 c:/program files (x86)/atollic/truestudio for stm32 9.2.0/armtools/bin/../lib/gcc/arm-atollic-eabi/6.3.1/../../../../arm-atollic-eabi/lib/armv7e-m/fpu\libc_nano.a(lib_a-init.o)
 .ARM.attributes
                0x000006e1       0x34 c:/program files (x86)/atollic/truestudio for stm32 9.2.0/armtools/bin/../lib/gcc/arm-atollic-eabi/6.3.1/../../../../arm-atollic-eabi/lib/armv7e-m/fpu\libm.a(lib_a-s_round.o)
 .ARM.attributes
                0x00000715       0x34 c:/program files (x86)/atollic/truestudio for stm32 9.2.0/armtools/bin/../lib/gcc/arm-atollic-eabi/6.3.1/../../../../arm-atollic-eabi/lib/armv7e-m/fpu\libm.a(lib_a-s_sin.o)
 .ARM.attributes
                0x00000749       0x34 c:/program files (x86)/atollic/truestudio for stm32 9.2.0/armtools/bin/../lib/gcc/arm-atollic-eabi/6.3.1/../../../../arm-atollic-eabi/lib/armv7e-m/fpu\libm.a(lib_a-w_log.o)
 .ARM.attributes
                0x0000077d       0x34 c:/program files (x86)/atollic/truestudio for stm32 9.2.0/armtools/bin/../lib/gcc/arm-atollic-eabi/6.3.1/../../../../arm-atollic-eabi/lib/armv7e-m/fpu\libm.a(lib_a-w_sqrt.o)
 .ARM.attributes
                0x000007b1       0x34 c:/program files (x86)/atollic/truestudio for stm32 9.2.0/armtools/bin/../lib/gcc/arm-atollic-eabi/6.3.1/../../../../arm-atollic-eabi/lib/armv7e-m/fpu\libm.a(lib_a-e_log.o)
 .ARM.attributes
                0x000007e5       0x34 c:/program files (x86)/atollic/truestudio for stm32 9.2.0/armtools/bin/../lib/gcc/arm-atollic-eabi/6.3.1/../../../../arm-atollic-eabi/lib/armv7e-m/fpu\libm.a(lib_a-e_rem_pio2.o)
 .ARM.attributes
                0x00000819       0x34 c:/program files (x86)/atollic/truestudio for stm32 9.2.0/armtools/bin/../lib/gcc/arm-atollic-eabi/6.3.1/../../../../arm-atollic-eabi/lib/armv7e-m/fpu\libm.a(lib_a-e_sqrt.o)
 .ARM.attributes
                0x0000084d       0x34 c:/program files (x86)/atollic/truestudio for stm32 9.2.0/armtools/bin/../lib/gcc/arm-atollic-eabi/6.3.1/../../../../arm-atollic-eabi/lib/armv7e-m/fpu\libm.a(lib_a-k_cos.o)
 .ARM.attributes
                0x00000881       0x34 c:/program files (x86)/atollic/truestudio for stm32 9.2.0/armtools/bin/../lib/gcc/arm-atollic-eabi/6.3.1/../../../../arm-atollic-eabi/lib/armv7e-m/fpu\libm.a(lib_a-k_rem_pio2.o)
 .ARM.attributes
                0x000008b5       0x34 c:/program files (x86)/atollic/truestudio for stm32 9.2.0/armtools/bin/../lib/gcc/arm-atollic-eabi/6.3.1/../../../../arm-atollic-eabi/lib/armv7e-m/fpu\libm.a(lib_a-k_sin.o)
 .ARM.attributes
                0x000008e9       0x34 c:/program files (x86)/atollic/truestudio for stm32 9.2.0/armtools/bin/../lib/gcc/arm-atollic-eabi/6.3.1/../../../../arm-atollic-eabi/lib/armv7e-m/fpu\libm.a(lib_a-s_fabs.o)
 .ARM.attributes
                0x0000091d       0x34 c:/program files (x86)/atollic/truestudio for stm32 9.2.0/armtools/bin/../lib/gcc/arm-atollic-eabi/6.3.1/../../../../arm-atollic-eabi/lib/armv7e-m/fpu\libm.a(lib_a-s_floor.o)
 .ARM.attributes
                0x00000951       0x34 c:/program files (x86)/atollic/truestudio for stm32 9.2.0/armtools/bin/../lib/gcc/arm-atollic-eabi/6.3.1/../../../../arm-atollic-eabi/lib/armv7e-m/fpu\libm.a(lib_a-s_lib_ver.o)
 .ARM.attributes
                0x00000985       0x34 c:/program files (x86)/atollic/truestudio for stm32 9.2.0/armtools/bin/../lib/gcc/arm-atollic-eabi/6.3.1/../../../../arm-atollic-eabi/lib/armv7e-m/fpu\libm.a(lib_a-s_matherr.o)
 .ARM.attributes
                0x000009b9       0x34 c:/program files (x86)/atollic/truestudio for stm32 9.2.0/armtools/bin/../lib/gcc/arm-atollic-eabi/6.3.1/../../../../arm-atollic-eabi/lib/armv7e-m/fpu\libm.a(lib_a-s_nan.o)
 .ARM.attributes
                0x000009ed       0x34 c:/program files (x86)/atollic/truestudio for stm32 9.2.0/armtools/bin/../lib/gcc/arm-atollic-eabi/6.3.1/../../../../arm-atollic-eabi/lib/armv7e-m/fpu\libm.a(lib_a-s_scalbn.o)
 .ARM.attributes
                0x00000a21       0x34 c:/program files (x86)/atollic/truestudio for stm32 9.2.0/armtools/bin/../lib/gcc/arm-atollic-eabi/6.3.1/../../../../arm-atollic-eabi/lib/armv7e-m/fpu\libm.a(lib_a-s_copysign.o)
 .ARM.attributes
                0x00000a55       0x34 c:/program files (x86)/atollic/truestudio for stm32 9.2.0/armtools/bin/../lib/gcc/arm-atollic-eabi/6.3.1/../../../../arm-atollic-eabi/lib/armv7e-m/fpu\libc_nano.a(lib_a-errno.o)
 .ARM.attributes
                0x00000a89       0x34 c:/program files (x86)/atollic/truestudio for stm32 9.2.0/armtools/bin/../lib/gcc/arm-atollic-eabi/6.3.1/../../../../arm-atollic-eabi/lib/armv7e-m/fpu\libc_nano.a(lib_a-impure.o)
 .ARM.attributes
                0x00000abd       0x22 c:/program files (x86)/atollic/truestudio for stm32 9.2.0/armtools/bin/../lib/gcc/arm-atollic-eabi/6.3.1/armv7e-m/fpu\libgcc.a(_arm_addsubdf3.o)
 .ARM.attributes
                0x00000adf       0x22 c:/program files (x86)/atollic/truestudio for stm32 9.2.0/armtools/bin/../lib/gcc/arm-atollic-eabi/6.3.1/armv7e-m/fpu\libgcc.a(_arm_muldivdf3.o)
 .ARM.attributes
                0x00000b01       0x22 c:/program files (x86)/atollic/truestudio for stm32 9.2.0/armtools/bin/../lib/gcc/arm-atollic-eabi/6.3.1/armv7e-m/fpu\libgcc.a(_arm_cmpdf2.o)
 .ARM.attributes
                0x00000b23       0x22 c:/program files (x86)/atollic/truestudio for stm32 9.2.0/armtools/bin/../lib/gcc/arm-atollic-eabi/6.3.1/armv7e-m/fpu\libgcc.a(_arm_unorddf2.o)
 .ARM.attributes
                0x00000b45       0x22 c:/program files (x86)/atollic/truestudio for stm32 9.2.0/armtools/bin/../lib/gcc/arm-atollic-eabi/6.3.1/armv7e-m/fpu\libgcc.a(_arm_fixdfsi.o)
 .ARM.attributes
                0x00000b67       0x22 c:/program files (x86)/atollic/truestudio for stm32 9.2.0/armtools/bin/../lib/gcc/arm-atollic-eabi/6.3.1/armv7e-m/fpu\libgcc.a(_arm_fixunsdfsi.o)
 .ARM.attributes
                0x00000b89       0x22 c:/program files (x86)/atollic/truestudio for stm32 9.2.0/armtools/bin/../lib/gcc/arm-atollic-eabi/6.3.1/armv7e-m/fpu\libgcc.a(_arm_truncdfsf2.o)
 .ARM.attributes
                0x00000bab       0x22 c:/program files (x86)/atollic/truestudio for stm32 9.2.0/armtools/bin/../lib/gcc/arm-atollic-eabi/6.3.1/armv7e-m/fpu/crtn.o
OUTPUT(F303VCT6_main.elf elf32-littlearm)

.debug_info     0x00000000    0x3821d
 .debug_info    0x00000000     0x10b4 Drivers\STM32F3xx_HAL_Driver\Src\stm32f3xx_hal.o
 .debug_info    0x000010b4     0x1342 Drivers\STM32F3xx_HAL_Driver\Src\stm32f3xx_hal_adc.o
 .debug_info    0x000023f6     0x2844 Drivers\STM32F3xx_HAL_Driver\Src\stm32f3xx_hal_adc_ex.o
 .debug_info    0x00004c3a     0x1706 Drivers\STM32F3xx_HAL_Driver\Src\stm32f3xx_hal_cortex.o
 .debug_info    0x00006340     0x1096 Drivers\STM32F3xx_HAL_Driver\Src\stm32f3xx_hal_dma.o
 .debug_info    0x000073d6      0xf38 Drivers\STM32F3xx_HAL_Driver\Src\stm32f3xx_hal_gpio.o
 .debug_info    0x0000830e     0x49a6 Drivers\STM32F3xx_HAL_Driver\Src\stm32f3xx_hal_i2c.o
 .debug_info    0x0000ccb4     0x10ec Drivers\STM32F3xx_HAL_Driver\Src\stm32f3xx_hal_i2c_ex.o
 .debug_info    0x0000dda0     0x1cbd Drivers\STM32F3xx_HAL_Driver\Src\stm32f3xx_hal_rcc.o
 .debug_info    0x0000fa5d     0x1081 Drivers\STM32F3xx_HAL_Driver\Src\stm32f3xx_hal_rcc_ex.o
 .debug_info    0x00010ade     0x46db Drivers\STM32F3xx_HAL_Driver\Src\stm32f3xx_hal_tim.o
 .debug_info    0x000151b9     0x2073 Drivers\STM32F3xx_HAL_Driver\Src\stm32f3xx_hal_tim_ex.o
 .debug_info    0x0001722c     0x29a7 Drivers\STM32F3xx_HAL_Driver\Src\stm32f3xx_hal_uart.o
 .debug_info    0x00019bd3     0x1007 Src\DFPlayer_Mini_mp3.o
 .debug_info    0x0001abda     0x1124 Src\JY901.o
 .debug_info    0x0001bcfe     0x28e9 Src\actuator.o
 .debug_info    0x0001e5e7     0x1f5b Src\adc.o
 .debug_info    0x00020542      0xd65 Src\dma.o
 .debug_info    0x000212a7      0xd4e Src\gpio.o
 .debug_info    0x00021ff5     0x1201 Src\i2c.o
 .debug_info    0x000231f6     0x1a5d Src\i2c_lcd.o
 .debug_info    0x00024c53     0x5c62 Src\main.o
 .debug_info    0x0002a8b5     0x23dd Src\omni_wheel_Three-wheeled.o
 .debug_info    0x0002cc92     0x28fe Src\sensor.o
 .debug_info    0x0002f590      0xd54 Src\stm32f3xx_hal_msp.o
 .debug_info    0x000302e4      0xfec Src\stm32f3xx_it.o
 .debug_info    0x000312d0      0xc74 Src\system_stm32f3xx.o
 .debug_info    0x00031f44     0x23e7 Src\tim.o
 .debug_info    0x0003432b     0x1416 Src\usart.o
 .debug_info    0x00035741     0x2a60 Src\xprintf.o
 .debug_info    0x000381a1       0x7c startup\startup_stm32f303xc.o

.debug_abbrev   0x00000000     0x5682
 .debug_abbrev  0x00000000      0x2f5 Drivers\STM32F3xx_HAL_Driver\Src\stm32f3xx_hal.o
 .debug_abbrev  0x000002f5      0x24c Drivers\STM32F3xx_HAL_Driver\Src\stm32f3xx_hal_adc.o
 .debug_abbrev  0x00000541      0x38e Drivers\STM32F3xx_HAL_Driver\Src\stm32f3xx_hal_adc_ex.o
 .debug_abbrev  0x000008cf      0x37d Drivers\STM32F3xx_HAL_Driver\Src\stm32f3xx_hal_cortex.o
 .debug_abbrev  0x00000c4c      0x2b4 Drivers\STM32F3xx_HAL_Driver\Src\stm32f3xx_hal_dma.o
 .debug_abbrev  0x00000f00      0x277 Drivers\STM32F3xx_HAL_Driver\Src\stm32f3xx_hal_gpio.o
 .debug_abbrev  0x00001177      0x3ea Drivers\STM32F3xx_HAL_Driver\Src\stm32f3xx_hal_i2c.o
 .debug_abbrev  0x00001561      0x218 Drivers\STM32F3xx_HAL_Driver\Src\stm32f3xx_hal_i2c_ex.o
 .debug_abbrev  0x00001779      0x37b Drivers\STM32F3xx_HAL_Driver\Src\stm32f3xx_hal_rcc.o
 .debug_abbrev  0x00001af4      0x31f Drivers\STM32F3xx_HAL_Driver\Src\stm32f3xx_hal_rcc_ex.o
 .debug_abbrev  0x00001e13      0x3d4 Drivers\STM32F3xx_HAL_Driver\Src\stm32f3xx_hal_tim.o
 .debug_abbrev  0x000021e7      0x35d Drivers\STM32F3xx_HAL_Driver\Src\stm32f3xx_hal_tim_ex.o
 .debug_abbrev  0x00002544      0x3ad Drivers\STM32F3xx_HAL_Driver\Src\stm32f3xx_hal_uart.o
 .debug_abbrev  0x000028f1      0x22e Src\DFPlayer_Mini_mp3.o
 .debug_abbrev  0x00002b1f      0x29a Src\JY901.o
 .debug_abbrev  0x00002db9      0x348 Src\actuator.o
 .debug_abbrev  0x00003101      0x264 Src\adc.o
 .debug_abbrev  0x00003365      0x1f5 Src\dma.o
 .debug_abbrev  0x0000355a      0x1f7 Src\gpio.o
 .debug_abbrev  0x00003751      0x239 Src\i2c.o
 .debug_abbrev  0x0000398a      0x2e6 Src\i2c_lcd.o
 .debug_abbrev  0x00003c70      0x34a Src\main.o
 .debug_abbrev  0x00003fba      0x30e Src\omni_wheel_Three-wheeled.o
 .debug_abbrev  0x000042c8      0x30b Src\sensor.o
 .debug_abbrev  0x000045d3      0x1f5 Src\stm32f3xx_hal_msp.o
 .debug_abbrev  0x000047c8      0x23a Src\stm32f3xx_it.o
 .debug_abbrev  0x00004a02      0x1e2 Src\system_stm32f3xx.o
 .debug_abbrev  0x00004be4      0x322 Src\tim.o
 .debug_abbrev  0x00004f06      0x28a Src\usart.o
 .debug_abbrev  0x00005190      0x4e0 Src\xprintf.o
 .debug_abbrev  0x00005670       0x12 startup\startup_stm32f303xc.o

.debug_loc      0x00000000    0x1bdc4
 .debug_loc     0x00000000      0x11c Drivers\STM32F3xx_HAL_Driver\Src\stm32f3xx_hal.o
 .debug_loc     0x0000011c      0x108 Drivers\STM32F3xx_HAL_Driver\Src\stm32f3xx_hal_adc.o
 .debug_loc     0x00000224     0x2d12 Drivers\STM32F3xx_HAL_Driver\Src\stm32f3xx_hal_adc_ex.o
 .debug_loc     0x00002f36      0x63a Drivers\STM32F3xx_HAL_Driver\Src\stm32f3xx_hal_cortex.o
 .debug_loc     0x00003570      0x6ab Drivers\STM32F3xx_HAL_Driver\Src\stm32f3xx_hal_dma.o
 .debug_loc     0x00003c1b      0x3af Drivers\STM32F3xx_HAL_Driver\Src\stm32f3xx_hal_gpio.o
 .debug_loc     0x00003fca     0x5821 Drivers\STM32F3xx_HAL_Driver\Src\stm32f3xx_hal_i2c.o
 .debug_loc     0x000097eb      0x196 Drivers\STM32F3xx_HAL_Driver\Src\stm32f3xx_hal_i2c_ex.o
 .debug_loc     0x00009981      0xa51 Drivers\STM32F3xx_HAL_Driver\Src\stm32f3xx_hal_rcc.o
 .debug_loc     0x0000a3d2      0x8a8 Drivers\STM32F3xx_HAL_Driver\Src\stm32f3xx_hal_rcc_ex.o
 .debug_loc     0x0000ac7a     0x6f21 Drivers\STM32F3xx_HAL_Driver\Src\stm32f3xx_hal_tim.o
 .debug_loc     0x00011b9b     0x180f Drivers\STM32F3xx_HAL_Driver\Src\stm32f3xx_hal_tim_ex.o
 .debug_loc     0x000133aa     0x1cfd Drivers\STM32F3xx_HAL_Driver\Src\stm32f3xx_hal_uart.o
 .debug_loc     0x000150a7       0x5a Src\DFPlayer_Mini_mp3.o
 .debug_loc     0x00015101      0x205 Src\JY901.o
 .debug_loc     0x00015306      0x54d Src\actuator.o
 .debug_loc     0x00015853      0x10b Src\adc.o
 .debug_loc     0x0001595e       0x42 Src\i2c.o
 .debug_loc     0x000159a0      0x8d5 Src\i2c_lcd.o
 .debug_loc     0x00016275      0x8d8 Src\main.o
 .debug_loc     0x00016b4d      0x378 Src\omni_wheel_Three-wheeled.o
 .debug_loc     0x00016ec5     0x2e29 Src\sensor.o
 .debug_loc     0x00019cee      0x109 Src\system_stm32f3xx.o
 .debug_loc     0x00019df7      0x2c2 Src\tim.o
 .debug_loc     0x0001a0b9       0xf9 Src\usart.o
 .debug_loc     0x0001a1b2     0x1c12 Src\xprintf.o

.debug_aranges  0x00000000     0x10d8
 .debug_aranges
                0x00000000       0xd8 Drivers\STM32F3xx_HAL_Driver\Src\stm32f3xx_hal.o
 .debug_aranges
                0x000000d8       0x60 Drivers\STM32F3xx_HAL_Driver\Src\stm32f3xx_hal_adc.o
 .debug_aranges
                0x00000138      0x140 Drivers\STM32F3xx_HAL_Driver\Src\stm32f3xx_hal_adc_ex.o
 .debug_aranges
                0x00000278       0xa8 Drivers\STM32F3xx_HAL_Driver\Src\stm32f3xx_hal_cortex.o
 .debug_aranges
                0x00000320       0x78 Drivers\STM32F3xx_HAL_Driver\Src\stm32f3xx_hal_dma.o
 .debug_aranges
                0x00000398       0x58 Drivers\STM32F3xx_HAL_Driver\Src\stm32f3xx_hal_gpio.o
 .debug_aranges
                0x000003f0      0x1b8 Drivers\STM32F3xx_HAL_Driver\Src\stm32f3xx_hal_i2c.o
 .debug_aranges
                0x000005a8       0x48 Drivers\STM32F3xx_HAL_Driver\Src\stm32f3xx_hal_i2c_ex.o
 .debug_aranges
                0x000005f0       0x88 Drivers\STM32F3xx_HAL_Driver\Src\stm32f3xx_hal_rcc.o
 .debug_aranges
                0x00000678       0x30 Drivers\STM32F3xx_HAL_Driver\Src\stm32f3xx_hal_rcc_ex.o
 .debug_aranges
                0x000006a8      0x260 Drivers\STM32F3xx_HAL_Driver\Src\stm32f3xx_hal_tim.o
 .debug_aranges
                0x00000908      0x108 Drivers\STM32F3xx_HAL_Driver\Src\stm32f3xx_hal_tim_ex.o
 .debug_aranges
                0x00000a10      0x198 Drivers\STM32F3xx_HAL_Driver\Src\stm32f3xx_hal_uart.o
 .debug_aranges
                0x00000ba8       0x38 Src\DFPlayer_Mini_mp3.o
 .debug_aranges
                0x00000be0       0x38 Src\JY901.o
 .debug_aranges
                0x00000c18       0x60 Src\actuator.o
 .debug_aranges
                0x00000c78       0x48 Src\adc.o
 .debug_aranges
                0x00000cc0       0x20 Src\dma.o
 .debug_aranges
                0x00000ce0       0x20 Src\gpio.o
 .debug_aranges
                0x00000d00       0x30 Src\i2c.o
 .debug_aranges
                0x00000d30       0x78 Src\i2c_lcd.o
 .debug_aranges
                0x00000da8       0x60 Src\main.o
 .debug_aranges
                0x00000e08       0x38 Src\omni_wheel_Three-wheeled.o
 .debug_aranges
                0x00000e40       0x40 Src\sensor.o
 .debug_aranges
                0x00000e80       0x20 Src\stm32f3xx_hal_msp.o
 .debug_aranges
                0x00000ea0       0x78 Src\stm32f3xx_it.o
 .debug_aranges
                0x00000f18       0x28 Src\system_stm32f3xx.o
 .debug_aranges
                0x00000f40       0x98 Src\tim.o
 .debug_aranges
                0x00000fd8       0x48 Src\usart.o
 .debug_aranges
                0x00001020       0x90 Src\xprintf.o
 .debug_aranges
                0x000010b0       0x28 startup\startup_stm32f303xc.o

.debug_ranges   0x00000000     0x3af8
 .debug_ranges  0x00000000       0xc8 Drivers\STM32F3xx_HAL_Driver\Src\stm32f3xx_hal.o
 .debug_ranges  0x000000c8       0x50 Drivers\STM32F3xx_HAL_Driver\Src\stm32f3xx_hal_adc.o
 .debug_ranges  0x00000118      0x5f0 Drivers\STM32F3xx_HAL_Driver\Src\stm32f3xx_hal_adc_ex.o
 .debug_ranges  0x00000708      0x160 Drivers\STM32F3xx_HAL_Driver\Src\stm32f3xx_hal_cortex.o
 .debug_ranges  0x00000868      0x108 Drivers\STM32F3xx_HAL_Driver\Src\stm32f3xx_hal_dma.o
 .debug_ranges  0x00000970       0x60 Drivers\STM32F3xx_HAL_Driver\Src\stm32f3xx_hal_gpio.o
 .debug_ranges  0x000009d0      0xf68 Drivers\STM32F3xx_HAL_Driver\Src\stm32f3xx_hal_i2c.o
 .debug_ranges  0x00001938       0x78 Drivers\STM32F3xx_HAL_Driver\Src\stm32f3xx_hal_i2c_ex.o
 .debug_ranges  0x000019b0      0x280 Drivers\STM32F3xx_HAL_Driver\Src\stm32f3xx_hal_rcc.o
 .debug_ranges  0x00001c30       0xf8 Drivers\STM32F3xx_HAL_Driver\Src\stm32f3xx_hal_rcc_ex.o
 .debug_ranges  0x00001d28      0x808 Drivers\STM32F3xx_HAL_Driver\Src\stm32f3xx_hal_tim.o
 .debug_ranges  0x00002530      0x140 Drivers\STM32F3xx_HAL_Driver\Src\stm32f3xx_hal_tim_ex.o
 .debug_ranges  0x00002670      0x480 Drivers\STM32F3xx_HAL_Driver\Src\stm32f3xx_hal_uart.o
 .debug_ranges  0x00002af0       0x28 Src\DFPlayer_Mini_mp3.o
 .debug_ranges  0x00002b18       0x28 Src\JY901.o
 .debug_ranges  0x00002b40      0x108 Src\actuator.o
 .debug_ranges  0x00002c48       0x38 Src\adc.o
 .debug_ranges  0x00002c80       0x58 Src\dma.o
 .debug_ranges  0x00002cd8       0x50 Src\gpio.o
 .debug_ranges  0x00002d28       0x20 Src\i2c.o
 .debug_ranges  0x00002d48      0x1d8 Src\i2c_lcd.o
 .debug_ranges  0x00002f20       0x80 Src\main.o
 .debug_ranges  0x00002fa0      0x120 Src\omni_wheel_Three-wheeled.o
 .debug_ranges  0x000030c0       0xd0 Src\sensor.o
 .debug_ranges  0x00003190       0x48 Src\stm32f3xx_hal_msp.o
 .debug_ranges  0x000031d8       0x68 Src\stm32f3xx_it.o
 .debug_ranges  0x00003240       0x18 Src\system_stm32f3xx.o
 .debug_ranges  0x00003258      0x1a8 Src\tim.o
 .debug_ranges  0x00003400       0xb8 Src\usart.o
 .debug_ranges  0x000034b8      0x620 Src\xprintf.o
 .debug_ranges  0x00003ad8       0x20 startup\startup_stm32f303xc.o

.debug_line     0x00000000     0xf3e4
 .debug_line    0x00000000      0x481 Drivers\STM32F3xx_HAL_Driver\Src\stm32f3xx_hal.o
 .debug_line    0x00000481      0x38a Drivers\STM32F3xx_HAL_Driver\Src\stm32f3xx_hal_adc.o
 .debug_line    0x0000080b     0x18a5 Drivers\STM32F3xx_HAL_Driver\Src\stm32f3xx_hal_adc_ex.o
 .debug_line    0x000020b0      0x507 Drivers\STM32F3xx_HAL_Driver\Src\stm32f3xx_hal_cortex.o
 .debug_line    0x000025b7      0x633 Drivers\STM32F3xx_HAL_Driver\Src\stm32f3xx_hal_dma.o
 .debug_line    0x00002bea      0x48d Drivers\STM32F3xx_HAL_Driver\Src\stm32f3xx_hal_gpio.o
 .debug_line    0x00003077     0x1f0d Drivers\STM32F3xx_HAL_Driver\Src\stm32f3xx_hal_i2c.o
 .debug_line    0x00004f84      0x47e Drivers\STM32F3xx_HAL_Driver\Src\stm32f3xx_hal_i2c_ex.o
 .debug_line    0x00005402      0x939 Drivers\STM32F3xx_HAL_Driver\Src\stm32f3xx_hal_rcc.o
 .debug_line    0x00005d3b      0x586 Drivers\STM32F3xx_HAL_Driver\Src\stm32f3xx_hal_rcc_ex.o
 .debug_line    0x000062c1     0x1c5a Drivers\STM32F3xx_HAL_Driver\Src\stm32f3xx_hal_tim.o
 .debug_line    0x00007f1b      0xaa3 Drivers\STM32F3xx_HAL_Driver\Src\stm32f3xx_hal_tim_ex.o
 .debug_line    0x000089be     0x1257 Drivers\STM32F3xx_HAL_Driver\Src\stm32f3xx_hal_uart.o
 .debug_line    0x00009c15      0x34f Src\DFPlayer_Mini_mp3.o
 .debug_line    0x00009f64      0x34d Src\JY901.o
 .debug_line    0x0000a2b1      0x597 Src\actuator.o
 .debug_line    0x0000a848      0x63c Src\adc.o
 .debug_line    0x0000ae84      0x29b Src\dma.o
 .debug_line    0x0000b11f      0x2c3 Src\gpio.o
 .debug_line    0x0000b3e2      0x34f Src\i2c.o
 .debug_line    0x0000b731      0x4f2 Src\i2c_lcd.o
 .debug_line    0x0000bc23      0xac9 Src\main.o
 .debug_line    0x0000c6ec      0x631 Src\omni_wheel_Three-wheeled.o
 .debug_line    0x0000cd1d      0x728 Src\sensor.o
 .debug_line    0x0000d445      0x2a3 Src\stm32f3xx_hal_msp.o
 .debug_line    0x0000d6e8      0x38d Src\stm32f3xx_it.o
 .debug_line    0x0000da75      0x2c2 Src\system_stm32f3xx.o
 .debug_line    0x0000dd37      0x8db Src\tim.o
 .debug_line    0x0000e612      0x457 Src\usart.o
 .debug_line    0x0000ea69      0x8fc Src\xprintf.o
 .debug_line    0x0000f365       0x7f startup\startup_stm32f303xc.o

.debug_str      0x00000000     0x5db1
 .debug_str     0x00000000      0xd87 Drivers\STM32F3xx_HAL_Driver\Src\stm32f3xx_hal.o
                                0xe33 (size before relaxing)
 .debug_str     0x00000d87      0x60c Drivers\STM32F3xx_HAL_Driver\Src\stm32f3xx_hal_adc.o
                                0xdc9 (size before relaxing)
 .debug_str     0x00001393      0x650 Drivers\STM32F3xx_HAL_Driver\Src\stm32f3xx_hal_adc_ex.o
                               0x13e4 (size before relaxing)
 .debug_str     0x000019e3      0x3b7 Drivers\STM32F3xx_HAL_Driver\Src\stm32f3xx_hal_cortex.o
                               0x1051 (size before relaxing)
 .debug_str     0x00001d9a      0x229 Drivers\STM32F3xx_HAL_Driver\Src\stm32f3xx_hal_dma.o
                                0xb43 (size before relaxing)
 .debug_str     0x00001fc3      0x1e4 Drivers\STM32F3xx_HAL_Driver\Src\stm32f3xx_hal_gpio.o
                                0x95c (size before relaxing)
 .debug_str     0x000021a7      0xa2a Drivers\STM32F3xx_HAL_Driver\Src\stm32f3xx_hal_i2c.o
                               0x1390 (size before relaxing)
 .debug_str     0x00002bd1       0xf3 Drivers\STM32F3xx_HAL_Driver\Src\stm32f3xx_hal_i2c_ex.o
                                0xcf4 (size before relaxing)
 .debug_str     0x00002cc4      0x2fb Drivers\STM32F3xx_HAL_Driver\Src\stm32f3xx_hal_rcc.o
                                0xb3b (size before relaxing)
 .debug_str     0x00002fbf      0x22f Drivers\STM32F3xx_HAL_Driver\Src\stm32f3xx_hal_rcc_ex.o
                                0xa3d (size before relaxing)
 .debug_str     0x000031ee      0xf5a Drivers\STM32F3xx_HAL_Driver\Src\stm32f3xx_hal_tim.o
                               0x18d8 (size before relaxing)
 .debug_str     0x00004148      0x5a3 Drivers\STM32F3xx_HAL_Driver\Src\stm32f3xx_hal_tim_ex.o
                               0x1313 (size before relaxing)
 .debug_str     0x000046eb      0x903 Drivers\STM32F3xx_HAL_Driver\Src\stm32f3xx_hal_uart.o
                               0x1350 (size before relaxing)
 .debug_str     0x00004fee       0x9c Src\DFPlayer_Mini_mp3.o
                                0xbce (size before relaxing)
 .debug_str     0x0000508a       0x7c Src\JY901.o
                                0xc27 (size before relaxing)
 .debug_str     0x00005106      0x4ca Src\actuator.o
                               0x17f0 (size before relaxing)
 .debug_str     0x000055d0       0xcf Src\adc.o
                                0xdf3 (size before relaxing)
 .debug_str     0x0000569f       0x19 Src\dma.o
                                0xb7a (size before relaxing)
 .debug_str     0x000056b8       0x1b Src\gpio.o
                                0x7df (size before relaxing)
 .debug_str     0x000056d3       0x24 Src\i2c.o
                                0xcee (size before relaxing)
 .debug_str     0x000056f7      0x147 Src\i2c_lcd.o
                                0xd0f (size before relaxing)
 .debug_str     0x0000583e      0x1c2 Src\main.o
                               0x23be (size before relaxing)
 .debug_str     0x00005a00       0x2f Src\omni_wheel_Three-wheeled.o
                               0x16b0 (size before relaxing)
 .debug_str     0x00005a2f       0xaf Src\sensor.o
                               0x1742 (size before relaxing)
 .debug_str     0x00005ade       0x1b Src\stm32f3xx_hal_msp.o
                                0xb92 (size before relaxing)
 .debug_str     0x00005af9      0x146 Src\stm32f3xx_it.o
                                0xc2c (size before relaxing)
 .debug_str     0x00005c3f       0x50 Src\system_stm32f3xx.o
                                0x7b8 (size before relaxing)
 .debug_str     0x00005c8f       0x5a Src\tim.o
                               0x1444 (size before relaxing)
 .debug_str     0x00005ce9       0x1a Src\usart.o
                                0xd0b (size before relaxing)
 .debug_str     0x00005d03       0xae Src\xprintf.o
                               0x1720 (size before relaxing)

.comment        0x00000000       0x7c
 .comment       0x00000000       0x7c Drivers\STM32F3xx_HAL_Driver\Src\stm32f3xx_hal.o
                                 0x7d (size before relaxing)
 .comment       0x0000007c       0x7d Drivers\STM32F3xx_HAL_Driver\Src\stm32f3xx_hal_adc.o
 .comment       0x0000007c       0x7d Drivers\STM32F3xx_HAL_Driver\Src\stm32f3xx_hal_adc_ex.o
 .comment       0x0000007c       0x7d Drivers\STM32F3xx_HAL_Driver\Src\stm32f3xx_hal_cortex.o
 .comment       0x0000007c       0x7d Drivers\STM32F3xx_HAL_Driver\Src\stm32f3xx_hal_dma.o
 .comment       0x0000007c       0x7d Drivers\STM32F3xx_HAL_Driver\Src\stm32f3xx_hal_gpio.o
 .comment       0x0000007c       0x7d Drivers\STM32F3xx_HAL_Driver\Src\stm32f3xx_hal_i2c.o
 .comment       0x0000007c       0x7d Drivers\STM32F3xx_HAL_Driver\Src\stm32f3xx_hal_i2c_ex.o
 .comment       0x0000007c       0x7d Drivers\STM32F3xx_HAL_Driver\Src\stm32f3xx_hal_rcc.o
 .comment       0x0000007c       0x7d Drivers\STM32F3xx_HAL_Driver\Src\stm32f3xx_hal_rcc_ex.o
 .comment       0x0000007c       0x7d Drivers\STM32F3xx_HAL_Driver\Src\stm32f3xx_hal_tim.o
 .comment       0x0000007c       0x7d Drivers\STM32F3xx_HAL_Driver\Src\stm32f3xx_hal_tim_ex.o
 .comment       0x0000007c       0x7d Drivers\STM32F3xx_HAL_Driver\Src\stm32f3xx_hal_uart.o
 .comment       0x0000007c       0x7d Src\DFPlayer_Mini_mp3.o
 .comment       0x0000007c       0x7d Src\JY901.o
 .comment       0x0000007c       0x7d Src\actuator.o
 .comment       0x0000007c       0x7d Src\adc.o
 .comment       0x0000007c       0x7d Src\dma.o
 .comment       0x0000007c       0x7d Src\gpio.o
 .comment       0x0000007c       0x7d Src\i2c.o
 .comment       0x0000007c       0x7d Src\i2c_lcd.o
 .comment       0x0000007c       0x7d Src\main.o
 .comment       0x0000007c       0x7d Src\omni_wheel_Three-wheeled.o
 .comment       0x0000007c       0x7d Src\sensor.o
 .comment       0x0000007c       0x7d Src\stm32f3xx_hal_msp.o
 .comment       0x0000007c       0x7d Src\stm32f3xx_it.o
 .comment       0x0000007c       0x7d Src\system_stm32f3xx.o
 .comment       0x0000007c       0x7d Src\tim.o
 .comment       0x0000007c       0x7d Src\usart.o
 .comment       0x0000007c       0x7d Src\xprintf.o

.debug_frame    0x00000000     0x412c
 .debug_frame   0x00000000      0x1d0 Drivers\STM32F3xx_HAL_Driver\Src\stm32f3xx_hal.o
 .debug_frame   0x000001d0      0x170 Drivers\STM32F3xx_HAL_Driver\Src\stm32f3xx_hal_adc.o
 .debug_frame   0x00000340      0x4b4 Drivers\STM32F3xx_HAL_Driver\Src\stm32f3xx_hal_adc_ex.o
 .debug_frame   0x000007f4      0x18c Drivers\STM32F3xx_HAL_Driver\Src\stm32f3xx_hal_cortex.o
 .debug_frame   0x00000980      0x18c Drivers\STM32F3xx_HAL_Driver\Src\stm32f3xx_hal_dma.o
 .debug_frame   0x00000b0c       0xf8 Drivers\STM32F3xx_HAL_Driver\Src\stm32f3xx_hal_gpio.o
 .debug_frame   0x00000c04      0x784 Drivers\STM32F3xx_HAL_Driver\Src\stm32f3xx_hal_i2c.o
 .debug_frame   0x00001388       0xb0 Drivers\STM32F3xx_HAL_Driver\Src\stm32f3xx_hal_i2c_ex.o
 .debug_frame   0x00001438      0x168 Drivers\STM32F3xx_HAL_Driver\Src\stm32f3xx_hal_rcc.o
 .debug_frame   0x000015a0       0xa8 Drivers\STM32F3xx_HAL_Driver\Src\stm32f3xx_hal_rcc_ex.o
 .debug_frame   0x00001648      0xa6c Drivers\STM32F3xx_HAL_Driver\Src\stm32f3xx_hal_tim.o
 .debug_frame   0x000020b4      0x3f4 Drivers\STM32F3xx_HAL_Driver\Src\stm32f3xx_hal_tim_ex.o
 .debug_frame   0x000024a8      0x610 Drivers\STM32F3xx_HAL_Driver\Src\stm32f3xx_hal_uart.o
 .debug_frame   0x00002ab8       0x84 Src\DFPlayer_Mini_mp3.o
 .debug_frame   0x00002b3c       0x88 Src\JY901.o
 .debug_frame   0x00002bc4      0x158 Src\actuator.o
 .debug_frame   0x00002d1c      0x118 Src\adc.o
 .debug_frame   0x00002e34       0x2c Src\dma.o
 .debug_frame   0x00002e60       0x34 Src\gpio.o
 .debug_frame   0x00002e94       0x64 Src\i2c.o
 .debug_frame   0x00002ef8      0x1c4 Src\i2c_lcd.o
 .debug_frame   0x000030bc      0x174 Src\main.o
 .debug_frame   0x00003230      0x114 Src\omni_wheel_Three-wheeled.o
 .debug_frame   0x00003344       0xdc Src\sensor.o
 .debug_frame   0x00003420       0x2c Src\stm32f3xx_hal_msp.o
 .debug_frame   0x0000344c      0x10c Src\stm32f3xx_it.o
 .debug_frame   0x00003558       0x3c Src\system_stm32f3xx.o
 .debug_frame   0x00003594      0x274 Src\tim.o
 .debug_frame   0x00003808       0xe8 Src\usart.o
 .debug_frame   0x000038f0      0x258 Src\xprintf.o
 .debug_frame   0x00003b48       0x2c c:/program files (x86)/atollic/truestudio for stm32 9.2.0/armtools/bin/../lib/gcc/arm-atollic-eabi/6.3.1/../../../../arm-atollic-eabi/lib/armv7e-m/fpu\libc_nano.a(lib_a-init.o)
 .debug_frame   0x00003b74       0x30 c:/program files (x86)/atollic/truestudio for stm32 9.2.0/armtools/bin/../lib/gcc/arm-atollic-eabi/6.3.1/../../../../arm-atollic-eabi/lib/armv7e-m/fpu\libm.a(lib_a-s_round.o)
 .debug_frame   0x00003ba4       0x2c c:/program files (x86)/atollic/truestudio for stm32 9.2.0/armtools/bin/../lib/gcc/arm-atollic-eabi/6.3.1/../../../../arm-atollic-eabi/lib/armv7e-m/fpu\libm.a(lib_a-s_sin.o)
 .debug_frame   0x00003bd0       0x44 c:/program files (x86)/atollic/truestudio for stm32 9.2.0/armtools/bin/../lib/gcc/arm-atollic-eabi/6.3.1/../../../../arm-atollic-eabi/lib/armv7e-m/fpu\libm.a(lib_a-w_log.o)
 .debug_frame   0x00003c14       0x4c c:/program files (x86)/atollic/truestudio for stm32 9.2.0/armtools/bin/../lib/gcc/arm-atollic-eabi/6.3.1/../../../../arm-atollic-eabi/lib/armv7e-m/fpu\libm.a(lib_a-w_sqrt.o)
 .debug_frame   0x00003c60       0x40 c:/program files (x86)/atollic/truestudio for stm32 9.2.0/armtools/bin/../lib/gcc/arm-atollic-eabi/6.3.1/../../../../arm-atollic-eabi/lib/armv7e-m/fpu\libm.a(lib_a-e_log.o)
 .debug_frame   0x00003ca0       0x40 c:/program files (x86)/atollic/truestudio for stm32 9.2.0/armtools/bin/../lib/gcc/arm-atollic-eabi/6.3.1/../../../../arm-atollic-eabi/lib/armv7e-m/fpu\libm.a(lib_a-e_rem_pio2.o)
 .debug_frame   0x00003ce0       0x30 c:/program files (x86)/atollic/truestudio for stm32 9.2.0/armtools/bin/../lib/gcc/arm-atollic-eabi/6.3.1/../../../../arm-atollic-eabi/lib/armv7e-m/fpu\libm.a(lib_a-e_sqrt.o)
 .debug_frame   0x00003d10       0x40 c:/program files (x86)/atollic/truestudio for stm32 9.2.0/armtools/bin/../lib/gcc/arm-atollic-eabi/6.3.1/../../../../arm-atollic-eabi/lib/armv7e-m/fpu\libm.a(lib_a-k_cos.o)
 .debug_frame   0x00003d50       0x54 c:/program files (x86)/atollic/truestudio for stm32 9.2.0/armtools/bin/../lib/gcc/arm-atollic-eabi/6.3.1/../../../../arm-atollic-eabi/lib/armv7e-m/fpu\libm.a(lib_a-k_rem_pio2.o)
 .debug_frame   0x00003da4       0x40 c:/program files (x86)/atollic/truestudio for stm32 9.2.0/armtools/bin/../lib/gcc/arm-atollic-eabi/6.3.1/../../../../arm-atollic-eabi/lib/armv7e-m/fpu\libm.a(lib_a-k_sin.o)
 .debug_frame   0x00003de4       0x20 c:/program files (x86)/atollic/truestudio for stm32 9.2.0/armtools/bin/../lib/gcc/arm-atollic-eabi/6.3.1/../../../../arm-atollic-eabi/lib/armv7e-m/fpu\libm.a(lib_a-s_fabs.o)
 .debug_frame   0x00003e04       0x30 c:/program files (x86)/atollic/truestudio for stm32 9.2.0/armtools/bin/../lib/gcc/arm-atollic-eabi/6.3.1/../../../../arm-atollic-eabi/lib/armv7e-m/fpu\libm.a(lib_a-s_floor.o)
 .debug_frame   0x00003e34       0x20 c:/program files (x86)/atollic/truestudio for stm32 9.2.0/armtools/bin/../lib/gcc/arm-atollic-eabi/6.3.1/../../../../arm-atollic-eabi/lib/armv7e-m/fpu\libm.a(lib_a-s_matherr.o)
 .debug_frame   0x00003e54       0x20 c:/program files (x86)/atollic/truestudio for stm32 9.2.0/armtools/bin/../lib/gcc/arm-atollic-eabi/6.3.1/../../../../arm-atollic-eabi/lib/armv7e-m/fpu\libm.a(lib_a-s_nan.o)
 .debug_frame   0x00003e74       0x2c c:/program files (x86)/atollic/truestudio for stm32 9.2.0/armtools/bin/../lib/gcc/arm-atollic-eabi/6.3.1/../../../../arm-atollic-eabi/lib/armv7e-m/fpu\libm.a(lib_a-s_scalbn.o)
 .debug_frame   0x00003ea0       0x20 c:/program files (x86)/atollic/truestudio for stm32 9.2.0/armtools/bin/../lib/gcc/arm-atollic-eabi/6.3.1/../../../../arm-atollic-eabi/lib/armv7e-m/fpu\libm.a(lib_a-s_copysign.o)
 .debug_frame   0x00003ec0       0x20 c:/program files (x86)/atollic/truestudio for stm32 9.2.0/armtools/bin/../lib/gcc/arm-atollic-eabi/6.3.1/../../../../arm-atollic-eabi/lib/armv7e-m/fpu\libc_nano.a(lib_a-errno.o)
 .debug_frame   0x00003ee0       0xac c:/program files (x86)/atollic/truestudio for stm32 9.2.0/armtools/bin/../lib/gcc/arm-atollic-eabi/6.3.1/armv7e-m/fpu\libgcc.a(_arm_addsubdf3.o)
 .debug_frame   0x00003f8c       0x50 c:/program files (x86)/atollic/truestudio for stm32 9.2.0/armtools/bin/../lib/gcc/arm-atollic-eabi/6.3.1/armv7e-m/fpu\libgcc.a(_arm_muldivdf3.o)
 .debug_frame   0x00003fdc       0xc4 c:/program files (x86)/atollic/truestudio for stm32 9.2.0/armtools/bin/../lib/gcc/arm-atollic-eabi/6.3.1/armv7e-m/fpu\libgcc.a(_arm_cmpdf2.o)
 .debug_frame   0x000040a0       0x20 c:/program files (x86)/atollic/truestudio for stm32 9.2.0/armtools/bin/../lib/gcc/arm-atollic-eabi/6.3.1/armv7e-m/fpu\libgcc.a(_arm_unorddf2.o)
 .debug_frame   0x000040c0       0x24 c:/program files (x86)/atollic/truestudio for stm32 9.2.0/armtools/bin/../lib/gcc/arm-atollic-eabi/6.3.1/armv7e-m/fpu\libgcc.a(_arm_fixdfsi.o)
 .debug_frame   0x000040e4       0x24 c:/program files (x86)/atollic/truestudio for stm32 9.2.0/armtools/bin/../lib/gcc/arm-atollic-eabi/6.3.1/armv7e-m/fpu\libgcc.a(_arm_fixunsdfsi.o)
 .debug_frame   0x00004108       0x24 c:/program files (x86)/atollic/truestudio for stm32 9.2.0/armtools/bin/../lib/gcc/arm-atollic-eabi/6.3.1/armv7e-m/fpu\libgcc.a(_arm_truncdfsf2.o)